Command line invocation:
    /Applications/Xcode.app/Contents/Developer/usr/bin/xcodebuild -project BooksBrowser.xcodeproj -scheme BooksBrowser -destination "platform=iOS Simulator,name=iPhone 17 Pro Max" build

Resolve Package Graph


Resolved source packages:
  DifferenceKit: https://github.com/ra1028/DifferenceKit.git @ 1.3.0
  swift-atomics: https://github.com/apple/swift-atomics.git @ 1.3.0
  Zip: https://github.com/marmelroy/Zip.git @ 2.1.2
  LRUCache: https://github.com/nicklockwood/LRUCache.git @ 1.2.1
  GCDWebServer: https://github.com/readium/GCDWebServer.git @ 4.0.1
  Readium: https://github.com/readium/swift-toolkit.git @ 3.7.0
  ReadiumFuzi: https://github.com/readium/Fuzi.git @ 4.0.0
  SQLite.swift: https://github.com/stephencelis/SQLite.swift.git @ 0.15.5
  SwiftSoup: https://github.com/scinfu/SwiftSoup.git @ 2.11.3
  CryptoSwift: https://github.com/krzyzanowskim/CryptoSwift.git @ 1.9.0
  ReadiumZIPFoundation: https://github.com/readium/ZIPFoundation.git @ 3.0.1

2026-02-27 13:41:21.894 xcodebuild[68795:24512781] [MT] IDERunDestination: Supported platforms for the buildables in the current scheme is empty.
ComputePackagePrebuildTargetDependencyGraph

Prepare packages

CreateBuildRequest

SendProjectDescription

CreateBuildOperation

ComputeTargetDependencyGraph
note: Building targets in dependency order
note: Target dependency graph (35 targets)
    Target 'BooksBrowser' in project 'BooksBrowser'
        ➜ Explicit dependency on target 'ReadiumShared' in project 'Readium'
        ➜ Explicit dependency on target 'ReadiumStreamer' in project 'Readium'
        ➜ Explicit dependency on target 'ReadiumNavigator' in project 'Readium'
        ➜ Explicit dependency on target 'ReadiumAdapterGCDWebServer' in project 'Readium'
    Target 'ReadiumAdapterGCDWebServer' in project 'Readium'
        ➜ Explicit dependency on target 'ReadiumAdapterGCDWebServer' in project 'Readium'
        ➜ Explicit dependency on target 'ReadiumInternal' in project 'Readium'
        ➜ Explicit dependency on target 'ReadiumShared' in project 'Readium'
        ➜ Explicit dependency on target 'SwiftSoup' in project 'SwiftSoup'
        ➜ Explicit dependency on target 'Zip' in project 'Zip'
        ➜ Explicit dependency on target 'ReadiumFuzi' in project 'ReadiumFuzi'
        ➜ Explicit dependency on target 'ReadiumZIPFoundation' in project 'ReadiumZIPFoundation'
        ➜ Explicit dependency on target 'ReadiumGCDWebServer' in project 'GCDWebServer'
    Target 'ReadiumAdapterGCDWebServer' in project 'Readium'
        ➜ Explicit dependency on target 'ReadiumInternal' in project 'Readium'
        ➜ Explicit dependency on target 'ReadiumShared' in project 'Readium'
        ➜ Explicit dependency on target 'SwiftSoup' in project 'SwiftSoup'
        ➜ Explicit dependency on target 'Zip' in project 'Zip'
        ➜ Explicit dependency on target 'ReadiumFuzi' in project 'ReadiumFuzi'
        ➜ Explicit dependency on target 'ReadiumZIPFoundation' in project 'ReadiumZIPFoundation'
        ➜ Explicit dependency on target 'ReadiumGCDWebServer' in project 'GCDWebServer'
    Target 'ReadiumGCDWebServer' in project 'GCDWebServer'
        ➜ Explicit dependency on target 'ReadiumGCDWebServer' in project 'GCDWebServer'
    Target 'ReadiumGCDWebServer' in project 'GCDWebServer' (no dependencies)
    Target 'ReadiumNavigator' in project 'Readium'
        ➜ Explicit dependency on target 'ReadiumNavigator' in project 'Readium'
        ➜ Explicit dependency on target 'Readium_ReadiumNavigator' in project 'Readium'
        ➜ Explicit dependency on target 'ReadiumInternal' in project 'Readium'
        ➜ Explicit dependency on target 'ReadiumShared' in project 'Readium'
        ➜ Explicit dependency on target 'SwiftSoup' in project 'SwiftSoup'
        ➜ Explicit dependency on target 'Zip' in project 'Zip'
        ➜ Explicit dependency on target 'ReadiumFuzi' in project 'ReadiumFuzi'
        ➜ Explicit dependency on target 'ReadiumZIPFoundation' in project 'ReadiumZIPFoundation'
        ➜ Explicit dependency on target 'DifferenceKit' in project 'DifferenceKit'
    Target 'ReadiumNavigator' in project 'Readium'
        ➜ Explicit dependency on target 'Readium_ReadiumNavigator' in project 'Readium'
        ➜ Explicit dependency on target 'ReadiumInternal' in project 'Readium'
        ➜ Explicit dependency on target 'ReadiumShared' in project 'Readium'
        ➜ Explicit dependency on target 'SwiftSoup' in project 'SwiftSoup'
        ➜ Explicit dependency on target 'Zip' in project 'Zip'
        ➜ Explicit dependency on target 'ReadiumFuzi' in project 'ReadiumFuzi'
        ➜ Explicit dependency on target 'ReadiumZIPFoundation' in project 'ReadiumZIPFoundation'
        ➜ Explicit dependency on target 'DifferenceKit' in project 'DifferenceKit'
    Target 'DifferenceKit' in project 'DifferenceKit'
        ➜ Explicit dependency on target 'DifferenceKit' in project 'DifferenceKit'
    Target 'DifferenceKit' in project 'DifferenceKit' (no dependencies)
    Target 'Readium_ReadiumNavigator' in project 'Readium' (no dependencies)
    Target 'ReadiumStreamer' in project 'Readium'
        ➜ Explicit dependency on target 'ReadiumStreamer' in project 'Readium'
        ➜ Explicit dependency on target 'Readium_ReadiumStreamer' in project 'Readium'
        ➜ Explicit dependency on target 'ReadiumInternal' in project 'Readium'
        ➜ Explicit dependency on target 'ReadiumShared' in project 'Readium'
        ➜ Explicit dependency on target 'SwiftSoup' in project 'SwiftSoup'
        ➜ Explicit dependency on target 'Zip' in project 'Zip'
        ➜ Explicit dependency on target 'ReadiumFuzi' in project 'ReadiumFuzi'
        ➜ Explicit dependency on target 'ReadiumZIPFoundation' in project 'ReadiumZIPFoundation'
        ➜ Explicit dependency on target 'CryptoSwift' in project 'CryptoSwift'
    Target 'ReadiumStreamer' in project 'Readium'
        ➜ Explicit dependency on target 'Readium_ReadiumStreamer' in project 'Readium'
        ➜ Explicit dependency on target 'ReadiumInternal' in project 'Readium'
        ➜ Explicit dependency on target 'ReadiumShared' in project 'Readium'
        ➜ Explicit dependency on target 'SwiftSoup' in project 'SwiftSoup'
        ➜ Explicit dependency on target 'Zip' in project 'Zip'
        ➜ Explicit dependency on target 'ReadiumFuzi' in project 'ReadiumFuzi'
        ➜ Explicit dependency on target 'ReadiumZIPFoundation' in project 'ReadiumZIPFoundation'
        ➜ Explicit dependency on target 'CryptoSwift' in project 'CryptoSwift'
    Target 'CryptoSwift' in project 'CryptoSwift'
        ➜ Explicit dependency on target 'CryptoSwift' in project 'CryptoSwift'
        ➜ Explicit dependency on target 'CryptoSwift_CryptoSwift' in project 'CryptoSwift'
    Target 'CryptoSwift' in project 'CryptoSwift'
        ➜ Explicit dependency on target 'CryptoSwift_CryptoSwift' in project 'CryptoSwift'
    Target 'CryptoSwift_CryptoSwift' in project 'CryptoSwift' (no dependencies)
    Target 'Readium_ReadiumStreamer' in project 'Readium' (no dependencies)
    Target 'ReadiumShared' in project 'Readium'
        ➜ Explicit dependency on target 'ReadiumShared' in project 'Readium'
        ➜ Explicit dependency on target 'Readium_ReadiumShared' in project 'Readium'
        ➜ Explicit dependency on target 'ReadiumInternal' in project 'Readium'
        ➜ Explicit dependency on target 'SwiftSoup' in project 'SwiftSoup'
        ➜ Explicit dependency on target 'Zip' in project 'Zip'
        ➜ Explicit dependency on target 'ReadiumFuzi' in project 'ReadiumFuzi'
        ➜ Explicit dependency on target 'ReadiumZIPFoundation' in project 'ReadiumZIPFoundation'
    Target 'ReadiumShared' in project 'Readium'
        ➜ Explicit dependency on target 'Readium_ReadiumShared' in project 'Readium'
        ➜ Explicit dependency on target 'ReadiumInternal' in project 'Readium'
        ➜ Explicit dependency on target 'SwiftSoup' in project 'SwiftSoup'
        ➜ Explicit dependency on target 'Zip' in project 'Zip'
        ➜ Explicit dependency on target 'ReadiumFuzi' in project 'ReadiumFuzi'
        ➜ Explicit dependency on target 'ReadiumZIPFoundation' in project 'ReadiumZIPFoundation'
    Target 'ReadiumZIPFoundation' in project 'ReadiumZIPFoundation'
        ➜ Explicit dependency on target 'ReadiumZIPFoundation' in project 'ReadiumZIPFoundation'
        ➜ Explicit dependency on target 'ReadiumZIPFoundation_ReadiumZIPFoundation' in project 'ReadiumZIPFoundation'
    Target 'ReadiumZIPFoundation' in project 'ReadiumZIPFoundation'
        ➜ Explicit dependency on target 'ReadiumZIPFoundation_ReadiumZIPFoundation' in project 'ReadiumZIPFoundation'
    Target 'ReadiumZIPFoundation_ReadiumZIPFoundation' in project 'ReadiumZIPFoundation' (no dependencies)
    Target 'ReadiumFuzi' in project 'ReadiumFuzi'
        ➜ Explicit dependency on target 'ReadiumFuzi' in project 'ReadiumFuzi'
    Target 'ReadiumFuzi' in project 'ReadiumFuzi' (no dependencies)
    Target 'Zip' in project 'Zip'
        ➜ Explicit dependency on target 'Zip' in project 'Zip'
        ➜ Explicit dependency on target 'Minizip' in project 'Zip'
    Target 'Zip' in project 'Zip'
        ➜ Explicit dependency on target 'Minizip' in project 'Zip'
    Target 'Minizip' in project 'Zip' (no dependencies)
    Target 'SwiftSoup' in project 'SwiftSoup'
        ➜ Explicit dependency on target 'SwiftSoup' in project 'SwiftSoup'
        ➜ Explicit dependency on target 'LRUCache' in project 'LRUCache'
        ➜ Explicit dependency on target 'Atomics' in project 'swift-atomics'
    Target 'SwiftSoup' in project 'SwiftSoup'
        ➜ Explicit dependency on target 'LRUCache' in project 'LRUCache'
        ➜ Explicit dependency on target 'Atomics' in project 'swift-atomics'
    Target 'Atomics' in project 'swift-atomics'
        ➜ Explicit dependency on target 'Atomics' in project 'swift-atomics'
        ➜ Explicit dependency on target '_AtomicsShims' in project 'swift-atomics'
    Target 'Atomics' in project 'swift-atomics'
        ➜ Explicit dependency on target '_AtomicsShims' in project 'swift-atomics'
    Target '_AtomicsShims' in project 'swift-atomics' (no dependencies)
    Target 'LRUCache' in project 'LRUCache'
        ➜ Explicit dependency on target 'LRUCache' in project 'LRUCache'
    Target 'LRUCache' in project 'LRUCache' (no dependencies)
    Target 'ReadiumInternal' in project 'Readium' (no dependencies)
    Target 'Readium_ReadiumShared' in project 'Readium' (no dependencies)

GatherProvisioningInputs

CreateBuildDescription

ExecuteExternalTool /Applications/Xcode.app/Contents/Developer/Toolchains/XcodeDefault.xctoolchain/usr/bin/swiftc --version

ExecuteExternalTool /Applications/Xcode.app/Contents/Developer/Toolchains/XcodeDefault.xctoolchain/usr/bin/clang -v -E -dM -arch arm64 -isysroot /Applications/Xcode.app/Contents/Developer/Platforms/iPhoneSimulator.platform/Developer/SDKs/iPhoneSimulator26.2.sdk -x c -c /dev/null

ExecuteExternalTool /Applications/Xcode.app/Contents/Developer/Toolchains/XcodeDefault.xctoolchain/usr/bin/clang -v -E -dM -isysroot /Applications/Xcode.app/Contents/Developer/Platforms/iPhoneSimulator.platform/Developer/SDKs/iPhoneSimulator26.2.sdk -x c -c /dev/null

ExecuteExternalTool /Applications/Xcode.app/Contents/Developer/Toolchains/XcodeDefault.xctoolchain/usr/bin/clang -v -E -dM -arch arm64 -isysroot /Applications/Xcode.app/Contents/Developer/Platforms/iPhoneSimulator.platform/Developer/SDKs/iPhoneSimulator26.2.sdk -x objective-c -c /dev/null

ExecuteExternalTool /Applications/Xcode.app/Contents/Developer/usr/bin/actool --print-asset-tag-combinations --output-format xml1 /Users/chenliangyu/Desktop/Development/BooksBrowserWorkspace/booksbrowser_ios/BooksBrowser/Assets.xcassets

ExecuteExternalTool /Applications/Xcode.app/Contents/Developer/usr/bin/actool --version --output-format xml1

ExecuteExternalTool /Applications/Xcode.app/Contents/Developer/Toolchains/XcodeDefault.xctoolchain/usr/bin/ld -version_details

ReadFileContents /Applications/Xcode.app/Contents/Developer/Toolchains/XcodeDefault.xctoolchain/usr/share/docc/features.json

Build description signature: 38d394de80138e0973bb496fa8053de2
Build description path: /Users/chenliangyu/Library/Developer/Xcode/DerivedData/BooksBrowser-dlrvnwnsktodgveyejdjreelllgw/Build/Intermediates.noindex/XCBuildData/38d394de80138e0973bb496fa8053de2.xcbuilddata
ClangStatCache /Applications/Xcode.app/Contents/Developer/Toolchains/XcodeDefault.xctoolchain/usr/bin/clang-stat-cache /Applications/Xcode.app/Contents/Developer/Platforms/iPhoneSimulator.platform/Developer/SDKs/iPhoneSimulator26.2.sdk /Users/chenliangyu/Library/Developer/Xcode/DerivedData/SDKStatCaches.noindex/iphonesimulator26.2-23C53-7d00a8b37fbd7999ea79df8ebc024bf0.sdkstatcache
    cd /Users/chenliangyu/Desktop/Development/BooksBrowserWorkspace/booksbrowser_ios/BooksBrowser.xcodeproj
    /Applications/Xcode.app/Contents/Developer/Toolchains/XcodeDefault.xctoolchain/usr/bin/clang-stat-cache /Applications/Xcode.app/Contents/Developer/Platforms/iPhoneSimulator.platform/Developer/SDKs/iPhoneSimulator26.2.sdk -o /Users/chenliangyu/Library/Developer/Xcode/DerivedData/SDKStatCaches.noindex/iphonesimulator26.2-23C53-7d00a8b37fbd7999ea79df8ebc024bf0.sdkstatcache

ProcessInfoPlistFile /Users/chenliangyu/Library/Developer/Xcode/DerivedData/BooksBrowser-dlrvnwnsktodgveyejdjreelllgw/Build/Products/Debug-iphonesimulator/Readium_ReadiumShared.bundle/Info.plist /Users/chenliangyu/Library/Developer/Xcode/DerivedData/BooksBrowser-dlrvnwnsktodgveyejdjreelllgw/Build/Intermediates.noindex/Readium.build/Debug-iphonesimulator/Readium_ReadiumShared.build/empty-Readium_ReadiumShared.plist (in target 'Readium_ReadiumShared' from project 'Readium')
    cd /Users/chenliangyu/Library/Developer/Xcode/DerivedData/BooksBrowser-dlrvnwnsktodgveyejdjreelllgw/SourcePackages/checkouts/swift-toolkit
    builtin-infoPlistUtility /Users/chenliangyu/Library/Developer/Xcode/DerivedData/BooksBrowser-dlrvnwnsktodgveyejdjreelllgw/Build/Intermediates.noindex/Readium.build/Debug-iphonesimulator/Readium_ReadiumShared.build/empty-Readium_ReadiumShared.plist -producttype com.apple.product-type.bundle -expandbuildsettings -format binary -platform iphonesimulator -o /Users/chenliangyu/Library/Developer/Xcode/DerivedData/BooksBrowser-dlrvnwnsktodgveyejdjreelllgw/Build/Products/Debug-iphonesimulator/Readium_ReadiumShared.bundle/Info.plist

ProcessInfoPlistFile /Users/chenliangyu/Library/Developer/Xcode/DerivedData/BooksBrowser-dlrvnwnsktodgveyejdjreelllgw/Build/Products/Debug-iphonesimulator/Readium_ReadiumStreamer.bundle/Info.plist /Users/chenliangyu/Library/Developer/Xcode/DerivedData/BooksBrowser-dlrvnwnsktodgveyejdjreelllgw/Build/Intermediates.noindex/Readium.build/Debug-iphonesimulator/Readium_ReadiumStreamer.build/empty-Readium_ReadiumStreamer.plist (in target 'Readium_ReadiumStreamer' from project 'Readium')
    cd /Users/chenliangyu/Library/Developer/Xcode/DerivedData/BooksBrowser-dlrvnwnsktodgveyejdjreelllgw/SourcePackages/checkouts/swift-toolkit
    builtin-infoPlistUtility /Users/chenliangyu/Library/Developer/Xcode/DerivedData/BooksBrowser-dlrvnwnsktodgveyejdjreelllgw/Build/Intermediates.noindex/Readium.build/Debug-iphonesimulator/Readium_ReadiumStreamer.build/empty-Readium_ReadiumStreamer.plist -producttype com.apple.product-type.bundle -expandbuildsettings -format binary -platform iphonesimulator -o /Users/chenliangyu/Library/Developer/Xcode/DerivedData/BooksBrowser-dlrvnwnsktodgveyejdjreelllgw/Build/Products/Debug-iphonesimulator/Readium_ReadiumStreamer.bundle/Info.plist

ProcessInfoPlistFile /Users/chenliangyu/Library/Developer/Xcode/DerivedData/BooksBrowser-dlrvnwnsktodgveyejdjreelllgw/Build/Products/Debug-iphonesimulator/Readium_ReadiumNavigator.bundle/Info.plist /Users/chenliangyu/Library/Developer/Xcode/DerivedData/BooksBrowser-dlrvnwnsktodgveyejdjreelllgw/Build/Intermediates.noindex/Readium.build/Debug-iphonesimulator/Readium_ReadiumNavigator.build/empty-Readium_ReadiumNavigator.plist (in target 'Readium_ReadiumNavigator' from project 'Readium')
    cd /Users/chenliangyu/Library/Developer/Xcode/DerivedData/BooksBrowser-dlrvnwnsktodgveyejdjreelllgw/SourcePackages/checkouts/swift-toolkit
    builtin-infoPlistUtility /Users/chenliangyu/Library/Developer/Xcode/DerivedData/BooksBrowser-dlrvnwnsktodgveyejdjreelllgw/Build/Intermediates.noindex/Readium.build/Debug-iphonesimulator/Readium_ReadiumNavigator.build/empty-Readium_ReadiumNavigator.plist -producttype com.apple.product-type.bundle -expandbuildsettings -format binary -platform iphonesimulator -o /Users/chenliangyu/Library/Developer/Xcode/DerivedData/BooksBrowser-dlrvnwnsktodgveyejdjreelllgw/Build/Products/Debug-iphonesimulator/Readium_ReadiumNavigator.bundle/Info.plist

ProcessInfoPlistFile /Users/chenliangyu/Library/Developer/Xcode/DerivedData/BooksBrowser-dlrvnwnsktodgveyejdjreelllgw/Build/Products/Debug-iphonesimulator/ReadiumZIPFoundation_ReadiumZIPFoundation.bundle/Info.plist /Users/chenliangyu/Library/Developer/Xcode/DerivedData/BooksBrowser-dlrvnwnsktodgveyejdjreelllgw/Build/Intermediates.noindex/ReadiumZIPFoundation.build/Debug-iphonesimulator/ReadiumZIPFoundation_ReadiumZIPFoundation.build/empty-ReadiumZIPFoundation_ReadiumZIPFoundation.plist (in target 'ReadiumZIPFoundation_ReadiumZIPFoundation' from project 'ReadiumZIPFoundation')
    cd /Users/chenliangyu/Library/Developer/Xcode/DerivedData/BooksBrowser-dlrvnwnsktodgveyejdjreelllgw/SourcePackages/checkouts/ZIPFoundation
    builtin-infoPlistUtility /Users/chenliangyu/Library/Developer/Xcode/DerivedData/BooksBrowser-dlrvnwnsktodgveyejdjreelllgw/Build/Intermediates.noindex/ReadiumZIPFoundation.build/Debug-iphonesimulator/ReadiumZIPFoundation_ReadiumZIPFoundation.build/empty-ReadiumZIPFoundation_ReadiumZIPFoundation.plist -producttype com.apple.product-type.bundle -expandbuildsettings -format binary -platform iphonesimulator -o /Users/chenliangyu/Library/Developer/Xcode/DerivedData/BooksBrowser-dlrvnwnsktodgveyejdjreelllgw/Build/Products/Debug-iphonesimulator/ReadiumZIPFoundation_ReadiumZIPFoundation.bundle/Info.plist

ProcessInfoPlistFile /Users/chenliangyu/Library/Developer/Xcode/DerivedData/BooksBrowser-dlrvnwnsktodgveyejdjreelllgw/Build/Products/Debug-iphonesimulator/CryptoSwift_CryptoSwift.bundle/Info.plist /Users/chenliangyu/Library/Developer/Xcode/DerivedData/BooksBrowser-dlrvnwnsktodgveyejdjreelllgw/Build/Intermediates.noindex/CryptoSwift.build/Debug-iphonesimulator/CryptoSwift_CryptoSwift.build/empty-CryptoSwift_CryptoSwift.plist (in target 'CryptoSwift_CryptoSwift' from project 'CryptoSwift')
    cd /Users/chenliangyu/Library/Developer/Xcode/DerivedData/BooksBrowser-dlrvnwnsktodgveyejdjreelllgw/SourcePackages/checkouts/CryptoSwift
    builtin-infoPlistUtility /Users/chenliangyu/Library/Developer/Xcode/DerivedData/BooksBrowser-dlrvnwnsktodgveyejdjreelllgw/Build/Intermediates.noindex/CryptoSwift.build/Debug-iphonesimulator/CryptoSwift_CryptoSwift.build/empty-CryptoSwift_CryptoSwift.plist -producttype com.apple.product-type.bundle -expandbuildsettings -format binary -platform iphonesimulator -o /Users/chenliangyu/Library/Developer/Xcode/DerivedData/BooksBrowser-dlrvnwnsktodgveyejdjreelllgw/Build/Products/Debug-iphonesimulator/CryptoSwift_CryptoSwift.bundle/Info.plist

SwiftDriver BooksBrowser normal arm64 com.apple.xcode.tools.swift.compiler (in target 'BooksBrowser' from project 'BooksBrowser')
    cd /Users/chenliangyu/Desktop/Development/BooksBrowserWorkspace/booksbrowser_ios
    builtin-SwiftDriver -- /Applications/Xcode.app/Contents/Developer/Toolchains/XcodeDefault.xctoolchain/usr/bin/swiftc -module-name BooksBrowser -Onone -enforce-exclusivity\=checked @/Users/chenliangyu/Library/Developer/Xcode/DerivedData/BooksBrowser-dlrvnwnsktodgveyejdjreelllgw/Build/Intermediates.noindex/BooksBrowser.build/Debug-iphonesimulator/BooksBrowser.build/Objects-normal/arm64/BooksBrowser.SwiftFileList -DDEBUG -Xcc -fmodule-map-file\=/Users/chenliangyu/Library/Developer/Xcode/DerivedData/BooksBrowser-dlrvnwnsktodgveyejdjreelllgw/Build/Intermediates.noindex/GeneratedModuleMaps-iphonesimulator/Minizip.modulemap -Xcc -fmodule-map-file\=/Users/chenliangyu/Library/Developer/Xcode/DerivedData/BooksBrowser-dlrvnwnsktodgveyejdjreelllgw/Build/Intermediates.noindex/GeneratedModuleMaps-iphonesimulator/ReadiumGCDWebServer.modulemap -enable-bare-slash-regex -enable-experimental-feature DebugDescriptionMacro -sdk /Applications/Xcode.app/Contents/Developer/Platforms/iPhoneSimulator.platform/Developer/SDKs/iPhoneSimulator26.2.sdk -target arm64-apple-ios26.0-simulator -g -module-cache-path /Users/chenliangyu/Library/Developer/Xcode/DerivedData/ModuleCache.noindex -Xfrontend -serialize-debugging-options -profile-coverage-mapping -profile-generate -enable-testing -index-store-path /Users/chenliangyu/Library/Developer/Xcode/DerivedData/BooksBrowser-dlrvnwnsktodgveyejdjreelllgw/Index.noindex/DataStore -Xcc -D_LIBCPP_HARDENING_MODE\=_LIBCPP_HARDENING_MODE_DEBUG -swift-version 5 -I /Users/chenliangyu/Library/Developer/Xcode/DerivedData/BooksBrowser-dlrvnwnsktodgveyejdjreelllgw/Build/Products/Debug-iphonesimulator -F /Users/chenliangyu/Library/Developer/Xcode/DerivedData/BooksBrowser-dlrvnwnsktodgveyejdjreelllgw/Build/Products/Debug-iphonesimulator/PackageFrameworks -F /Users/chenliangyu/Library/Developer/Xcode/DerivedData/BooksBrowser-dlrvnwnsktodgveyejdjreelllgw/Build/Products/Debug-iphonesimulator/PackageFrameworks -F /Users/chenliangyu/Library/Developer/Xcode/DerivedData/BooksBrowser-dlrvnwnsktodgveyejdjreelllgw/Build/Products/Debug-iphonesimulator/PackageFrameworks -F /Users/chenliangyu/Library/Developer/Xcode/DerivedData/BooksBrowser-dlrvnwnsktodgveyejdjreelllgw/Build/Products/Debug-iphonesimulator/PackageFrameworks -F /Users/chenliangyu/Library/Developer/Xcode/DerivedData/BooksBrowser-dlrvnwnsktodgveyejdjreelllgw/Build/Products/Debug-iphonesimulator/PackageFrameworks -F /Users/chenliangyu/Library/Developer/Xcode/DerivedData/BooksBrowser-dlrvnwnsktodgveyejdjreelllgw/Build/Products/Debug-iphonesimulator/PackageFrameworks -F /Users/chenliangyu/Library/Developer/Xcode/DerivedData/BooksBrowser-dlrvnwnsktodgveyejdjreelllgw/Build/Products/Debug-iphonesimulator/PackageFrameworks -F /Users/chenliangyu/Library/Developer/Xcode/DerivedData/BooksBrowser-dlrvnwnsktodgveyejdjreelllgw/Build/Products/Debug-iphonesimulator/PackageFrameworks -F /Users/chenliangyu/Library/Developer/Xcode/DerivedData/BooksBrowser-dlrvnwnsktodgveyejdjreelllgw/Build/Products/Debug-iphonesimulator/PackageFrameworks -F /Users/chenliangyu/Library/Developer/Xcode/DerivedData/BooksBrowser-dlrvnwnsktodgveyejdjreelllgw/Build/Products/Debug-iphonesimulator/PackageFrameworks -F /Users/chenliangyu/Library/Developer/Xcode/DerivedData/BooksBrowser-dlrvnwnsktodgveyejdjreelllgw/Build/Products/Debug-iphonesimulator/PackageFrameworks -F /Users/chenliangyu/Library/Developer/Xcode/DerivedData/BooksBrowser-dlrvnwnsktodgveyejdjreelllgw/Build/Products/Debug-iphonesimulator/PackageFrameworks -F /Users/chenliangyu/Library/Developer/Xcode/DerivedData/BooksBrowser-dlrvnwnsktodgveyejdjreelllgw/Build/Products/Debug-iphonesimulator/PackageFrameworks -F /Users/chenliangyu/Library/Developer/Xcode/DerivedData/BooksBrowser-dlrvnwnsktodgveyejdjreelllgw/Build/Products/Debug-iphonesimulator/PackageFrameworks -F /Users/chenliangyu/Library/Developer/Xcode/DerivedData/BooksBrowser-dlrvnwnsktodgveyejdjreelllgw/Build/Products/Debug-iphonesimulator/PackageFrameworks -F /Users/chenliangyu/Library/Developer/Xcode/DerivedData/BooksBrowser-dlrvnwnsktodgveyejdjreelllgw/Build/Products/Debug-iphonesimulator/PackageFrameworks -F /Users/chenliangyu/Library/Developer/Xcode/DerivedData/BooksBrowser-dlrvnwnsktodgveyejdjreelllgw/Build/Products/Debug-iphonesimulator -emit-localized-strings -emit-localized-strings-path /Users/chenliangyu/Library/Developer/Xcode/DerivedData/BooksBrowser-dlrvnwnsktodgveyejdjreelllgw/Build/Intermediates.noindex/BooksBrowser.build/Debug-iphonesimulator/BooksBrowser.build/Objects-normal/arm64 -c -j10 -enable-batch-mode -incremental -Xcc -ivfsstatcache -Xcc /Users/chenliangyu/Library/Developer/Xcode/DerivedData/SDKStatCaches.noindex/iphonesimulator26.2-23C53-7d00a8b37fbd7999ea79df8ebc024bf0.sdkstatcache -output-file-map /Users/chenliangyu/Library/Developer/Xcode/DerivedData/BooksBrowser-dlrvnwnsktodgveyejdjreelllgw/Build/Intermediates.noindex/BooksBrowser.build/Debug-iphonesimulator/BooksBrowser.build/Objects-normal/arm64/BooksBrowser-OutputFileMap.json -use-frontend-parseable-output -save-temps -no-color-diagnostics -explicit-module-build -module-cache-path /Users/chenliangyu/Library/Developer/Xcode/DerivedData/BooksBrowser-dlrvnwnsktodgveyejdjreelllgw/Build/Intermediates.noindex/SwiftExplicitPrecompiledModules -clang-scanner-module-cache-path /Users/chenliangyu/Library/Developer/Xcode/DerivedData/ModuleCache.noindex -sdk-module-cache-path /Users/chenliangyu/Library/Developer/Xcode/DerivedData/ModuleCache.noindex -serialize-diagnostics -emit-dependencies -emit-module -emit-module-path /Users/chenliangyu/Library/Developer/Xcode/DerivedData/BooksBrowser-dlrvnwnsktodgveyejdjreelllgw/Build/Intermediates.noindex/BooksBrowser.build/Debug-iphonesimulator/BooksBrowser.build/Objects-normal/arm64/BooksBrowser.swiftmodule -validate-clang-modules-once -clang-build-session-file /Users/chenliangyu/Library/Developer/Xcode/DerivedData/ModuleCache.noindex/Session.modulevalidation -Xcc -I/Users/chenliangyu/Library/Developer/Xcode/DerivedData/BooksBrowser-dlrvnwnsktodgveyejdjreelllgw/Build/Intermediates.noindex/BooksBrowser.build/Debug-iphonesimulator/BooksBrowser.build/swift-overrides.hmap -emit-const-values -Xfrontend -const-gather-protocols-file -Xfrontend /Users/chenliangyu/Library/Developer/Xcode/DerivedData/BooksBrowser-dlrvnwnsktodgveyejdjreelllgw/Build/Intermediates.noindex/BooksBrowser.build/Debug-iphonesimulator/BooksBrowser.build/Objects-normal/arm64/BooksBrowser_const_extract_protocols.json -Xcc -iquote -Xcc /Users/chenliangyu/Library/Developer/Xcode/DerivedData/BooksBrowser-dlrvnwnsktodgveyejdjreelllgw/Build/Intermediates.noindex/BooksBrowser.build/Debug-iphonesimulator/BooksBrowser.build/BooksBrowser-generated-files.hmap -Xcc -I/Users/chenliangyu/Library/Developer/Xcode/DerivedData/BooksBrowser-dlrvnwnsktodgveyejdjreelllgw/Build/Intermediates.noindex/BooksBrowser.build/Debug-iphonesimulator/BooksBrowser.build/BooksBrowser-own-target-headers.hmap -Xcc -I/Users/chenliangyu/Library/Developer/Xcode/DerivedData/BooksBrowser-dlrvnwnsktodgveyejdjreelllgw/Build/Intermediates.noindex/BooksBrowser.build/Debug-iphonesimulator/BooksBrowser.build/BooksBrowser-all-non-framework-target-headers.hmap -Xcc -ivfsoverlay -Xcc /Users/chenliangyu/Library/Developer/Xcode/DerivedData/BooksBrowser-dlrvnwnsktodgveyejdjreelllgw/Build/Intermediates.noindex/BooksBrowser.build/Debug-iphonesimulator/BooksBrowser-4ffbb5777bd044cac22ff332985463c8-VFS-iphonesimulator/all-product-headers.yaml -Xcc -iquote -Xcc /Users/chenliangyu/Library/Developer/Xcode/DerivedData/BooksBrowser-dlrvnwnsktodgveyejdjreelllgw/Build/Intermediates.noindex/BooksBrowser.build/Debug-iphonesimulator/BooksBrowser.build/BooksBrowser-project-headers.hmap -Xcc -I/Users/chenliangyu/Library/Developer/Xcode/DerivedData/BooksBrowser-dlrvnwnsktodgveyejdjreelllgw/SourcePackages/checkouts/swift-atomics/Sources/_AtomicsShims/include -Xcc -I/Users/chenliangyu/Library/Developer/Xcode/DerivedData/BooksBrowser-dlrvnwnsktodgveyejdjreelllgw/SourcePackages/checkouts/Zip/Zip/minizip/include -Xcc -I/Users/chenliangyu/Library/Developer/Xcode/DerivedData/BooksBrowser-dlrvnwnsktodgveyejdjreelllgw/SourcePackages/checkouts/GCDWebServer/GCDWebServer/include -Xcc -I/Users/chenliangyu/Library/Developer/Xcode/DerivedData/BooksBrowser-dlrvnwnsktodgveyejdjreelllgw/Build/Products/Debug-iphonesimulator/include -Xcc -I/Users/chenliangyu/Library/Developer/Xcode/DerivedData/BooksBrowser-dlrvnwnsktodgveyejdjreelllgw/Build/Intermediates.noindex/BooksBrowser.build/Debug-iphonesimulator/BooksBrowser.build/DerivedSources-normal/arm64 -Xcc -I/Users/chenliangyu/Library/Developer/Xcode/DerivedData/BooksBrowser-dlrvnwnsktodgveyejdjreelllgw/Build/Intermediates.noindex/BooksBrowser.build/Debug-iphonesimulator/BooksBrowser.build/DerivedSources/arm64 -Xcc -I/Users/chenliangyu/Library/Developer/Xcode/DerivedData/BooksBrowser-dlrvnwnsktodgveyejdjreelllgw/Build/Intermediates.noindex/BooksBrowser.build/Debug-iphonesimulator/BooksBrowser.build/DerivedSources -Xcc -DDEBUG\=1 -emit-objc-header -emit-objc-header-path /Users/chenliangyu/Library/Developer/Xcode/DerivedData/BooksBrowser-dlrvnwnsktodgveyejdjreelllgw/Build/Intermediates.noindex/BooksBrowser.build/Debug-iphonesimulator/BooksBrowser.build/Objects-normal/arm64/BooksBrowser-Swift.h -working-directory /Users/chenliangyu/Desktop/Development/BooksBrowserWorkspace/booksbrowser_ios -experimental-emit-module-separately -disable-cmo

ProcessInfoPlistFile /Users/chenliangyu/Library/Developer/Xcode/DerivedData/BooksBrowser-dlrvnwnsktodgveyejdjreelllgw/Build/Products/Debug-iphonesimulator/BooksBrowser.app/Info.plist /Users/chenliangyu/Desktop/Development/BooksBrowserWorkspace/booksbrowser_ios/Info.plist (in target 'BooksBrowser' from project 'BooksBrowser')
    cd /Users/chenliangyu/Desktop/Development/BooksBrowserWorkspace/booksbrowser_ios
    builtin-infoPlistUtility /Users/chenliangyu/Desktop/Development/BooksBrowserWorkspace/booksbrowser_ios/Info.plist -producttype com.apple.product-type.application -genpkginfo /Users/chenliangyu/Library/Developer/Xcode/DerivedData/BooksBrowser-dlrvnwnsktodgveyejdjreelllgw/Build/Products/Debug-iphonesimulator/BooksBrowser.app/PkgInfo -expandbuildsettings -format binary -platform iphonesimulator -additionalcontentfile /Users/chenliangyu/Library/Developer/Xcode/DerivedData/BooksBrowser-dlrvnwnsktodgveyejdjreelllgw/Build/Intermediates.noindex/BooksBrowser.build/Debug-iphonesimulator/BooksBrowser.build/assetcatalog_generated_info.plist -scanforprivacyfile /Users/chenliangyu/Library/Developer/Xcode/DerivedData/BooksBrowser-dlrvnwnsktodgveyejdjreelllgw/Build/Products/Debug-iphonesimulator/BooksBrowser.app/CryptoSwift_CryptoSwift.bundle -scanforprivacyfile /Users/chenliangyu/Library/Developer/Xcode/DerivedData/BooksBrowser-dlrvnwnsktodgveyejdjreelllgw/Build/Products/Debug-iphonesimulator/BooksBrowser.app/ReadiumZIPFoundation_ReadiumZIPFoundation.bundle -scanforprivacyfile /Users/chenliangyu/Library/Developer/Xcode/DerivedData/BooksBrowser-dlrvnwnsktodgveyejdjreelllgw/Build/Products/Debug-iphonesimulator/BooksBrowser.app/Readium_ReadiumNavigator.bundle -scanforprivacyfile /Users/chenliangyu/Library/Developer/Xcode/DerivedData/BooksBrowser-dlrvnwnsktodgveyejdjreelllgw/Build/Products/Debug-iphonesimulator/BooksBrowser.app/Readium_ReadiumShared.bundle -scanforprivacyfile /Users/chenliangyu/Library/Developer/Xcode/DerivedData/BooksBrowser-dlrvnwnsktodgveyejdjreelllgw/Build/Products/Debug-iphonesimulator/BooksBrowser.app/Readium_ReadiumStreamer.bundle -o /Users/chenliangyu/Library/Developer/Xcode/DerivedData/BooksBrowser-dlrvnwnsktodgveyejdjreelllgw/Build/Products/Debug-iphonesimulator/BooksBrowser.app/Info.plist

SwiftCompile normal arm64 Compiling\ ReadiumNavigatorView.swift /Users/chenliangyu/Desktop/Development/BooksBrowserWorkspace/booksbrowser_ios/BooksBrowser/Views/Reader/ReadiumNavigatorView.swift (in target 'BooksBrowser' from project 'BooksBrowser')

SwiftCompile normal arm64 /Users/chenliangyu/Desktop/Development/BooksBrowserWorkspace/booksbrowser_ios/BooksBrowser/Views/Reader/ReadiumNavigatorView.swift (in target 'BooksBrowser' from project 'BooksBrowser')
    cd /Users/chenliangyu/Desktop/Development/BooksBrowserWorkspace/booksbrowser_ios
    
/Users/chenliangyu/Desktop/Development/BooksBrowserWorkspace/booksbrowser_ios/BooksBrowser/Views/Reader/ReadiumNavigatorView.swift:76:13: warning: result of 'try?' is unused
            try? await navigator.evaluateJavaScript(js)
            ^~~~~~~~~~~~~~~~~~~~~~~~~~~~~~~~~~~~~~~~~~~
/Users/chenliangyu/Desktop/Development/BooksBrowserWorkspace/booksbrowser_ios/BooksBrowser/Views/Reader/ReadiumNavigatorView.swift:76:13: warning: no calls to throwing functions occur within 'try' expression
            try? await navigator.evaluateJavaScript(js)
            ^
/Users/chenliangyu/Desktop/Development/BooksBrowserWorkspace/booksbrowser_ios/BooksBrowser/Views/Reader/ReadiumNavigatorView.swift:220:35: warning: no calls to throwing functions occur within 'try' expression
                    let success = try await context.coordinator.navigator?.go(to: nav.locator)
                                  ^
/Users/chenliangyu/Desktop/Development/BooksBrowserWorkspace/booksbrowser_ios/BooksBrowser/Views/Reader/ReadiumNavigatorView.swift:222:19: warning: 'catch' block is unreachable because no errors are thrown in 'do' block
                } catch {
                  ^
/Users/chenliangyu/Desktop/Development/BooksBrowserWorkspace/booksbrowser_ios/BooksBrowser/Views/Reader/ReadiumNavigatorView.swift:247:17: warning: no calls to throwing functions occur within 'try' expression
                try? await context.coordinator.navigator?.evaluateJavaScript(js)
                ^
/Users/chenliangyu/Desktop/Development/BooksBrowserWorkspace/booksbrowser_ios/BooksBrowser/Views/Reader/ReadiumNavigatorView.swift:606:32: warning: no calls to throwing functions occur within 'try' expression
                        Task { try? await navigator.evaluateJavaScript(js) }
                               ^
/Users/chenliangyu/Desktop/Development/BooksBrowserWorkspace/booksbrowser_ios/BooksBrowser/Views/Reader/ReadiumNavigatorView.swift:618:17: warning: result of 'try?' is unused
                try? await navigator.evaluateJavaScript(js)
                ^~~~~~~~~~~~~~~~~~~~~~~~~~~~~~~~~~~~~~~~~~~
/Users/chenliangyu/Desktop/Development/BooksBrowserWorkspace/booksbrowser_ios/BooksBrowser/Views/Reader/ReadiumNavigatorView.swift:618:17: warning: no calls to throwing functions occur within 'try' expression
                try? await navigator.evaluateJavaScript(js)
                ^
/Users/chenliangyu/Desktop/Development/BooksBrowserWorkspace/booksbrowser_ios/BooksBrowser/Views/Reader/ReadiumNavigatorView.swift:628:17: warning: result of 'try?' is unused
                try? await navigator.evaluateJavaScript(js)
                ^~~~~~~~~~~~~~~~~~~~~~~~~~~~~~~~~~~~~~~~~~~
/Users/chenliangyu/Desktop/Development/BooksBrowserWorkspace/booksbrowser_ios/BooksBrowser/Views/Reader/ReadiumNavigatorView.swift:628:17: warning: no calls to throwing functions occur within 'try' expression
                try? await navigator.evaluateJavaScript(js)
                ^
/Users/chenliangyu/Desktop/Development/BooksBrowserWorkspace/booksbrowser_ios/BooksBrowser/Views/Reader/ReadiumNavigatorView.swift:650:17: warning: result of 'try?' is unused
                try? await navigator.evaluateJavaScript(js)
                ^~~~~~~~~~~~~~~~~~~~~~~~~~~~~~~~~~~~~~~~~~~
/Users/chenliangyu/Desktop/Development/BooksBrowserWorkspace/booksbrowser_ios/BooksBrowser/Views/Reader/ReadiumNavigatorView.swift:650:17: warning: no calls to throwing functions occur within 'try' expression
                try? await navigator.evaluateJavaScript(js)
                ^
/Users/chenliangyu/Desktop/Development/BooksBrowserWorkspace/booksbrowser_ios/BooksBrowser/Views/Reader/ReadiumNavigatorView.swift:719:51: warning: cast from 'Result<Any, any Error>' to unrelated type 'String' always fails
                    guard let jsonString = result as? String,
                                           ~~~~~~ ^   ~~~~~~
/Users/chenliangyu/Desktop/Development/BooksBrowserWorkspace/booksbrowser_ios/BooksBrowser/Views/Reader/ReadiumNavigatorView.swift:718:34: warning: no calls to throwing functions occur within 'try' expression
                    let result = try await navigator.evaluateJavaScript(js)
                                 ^
/Users/chenliangyu/Desktop/Development/BooksBrowserWorkspace/booksbrowser_ios/BooksBrowser/Views/Reader/ReadiumNavigatorView.swift:726:19: warning: 'catch' block is unreachable because no errors are thrown in 'do' block
                } catch {
                  ^
/Users/chenliangyu/Desktop/Development/BooksBrowserWorkspace/booksbrowser_ios/BooksBrowser/Views/Reader/ReadiumNavigatorView.swift:782:20: warning: main actor-isolated property 'name' can not be referenced from a nonisolated context
        if message.name == "wordDeselect" {
                   ^
/Applications/Xcode.app/Contents/Developer/Platforms/iPhoneSimulator.platform/Developer/SDKs/iPhoneSimulator26.2.sdk/System/Library/Frameworks/WebKit.framework/Headers/WKScriptMessage.h:57:49: note: property declared here
@property (nonatomic, readonly, copy) NSString *name;
                                                ^
/Users/chenliangyu/Desktop/Development/BooksBrowserWorkspace/booksbrowser_ios/BooksBrowser/Views/Reader/ReadiumNavigatorView.swift:790:23: warning: main actor-isolated property 'name' can not be referenced from a nonisolated context
        guard message.name == "wordTap" else { return }
                      ^
/Applications/Xcode.app/Contents/Developer/Platforms/iPhoneSimulator.platform/Developer/SDKs/iPhoneSimulator26.2.sdk/System/Library/Frameworks/WebKit.framework/Headers/WKScriptMessage.h:57:49: note: property declared here
@property (nonatomic, readonly, copy) NSString *name;
                                                ^
/Users/chenliangyu/Desktop/Development/BooksBrowserWorkspace/booksbrowser_ios/BooksBrowser/Views/Reader/ReadiumNavigatorView.swift:791:34: warning: main actor-isolated property 'body' can not be referenced from a nonisolated context
        guard let body = message.body as? String,
                                 ^
/Applications/Xcode.app/Contents/Developer/Platforms/iPhoneSimulator.platform/Developer/SDKs/iPhoneSimulator26.2.sdk/System/Library/Frameworks/WebKit.framework/Headers/WKScriptMessage.h:47:42: note: property declared here
@property (nonatomic, readonly, copy) id body;
                                         ^

SwiftCompile normal arm64 Compiling\ ReaderView.swift /Users/chenliangyu/Desktop/Development/BooksBrowserWorkspace/booksbrowser_ios/BooksBrowser/Views/Reader/ReaderView.swift (in target 'BooksBrowser' from project 'BooksBrowser')
SwiftCompile normal arm64 /Users/chenliangyu/Desktop/Development/BooksBrowserWorkspace/booksbrowser_ios/BooksBrowser/Views/Reader/ReaderView.swift (in target 'BooksBrowser' from project 'BooksBrowser')
    cd /Users/chenliangyu/Desktop/Development/BooksBrowserWorkspace/booksbrowser_ios
    

SwiftCompile normal arm64 Compiling\ ReadiumService.swift /Users/chenliangyu/Desktop/Development/BooksBrowserWorkspace/booksbrowser_ios/BooksBrowser/Services/ReadiumService.swift (in target 'BooksBrowser' from project 'BooksBrowser')

SwiftCompile normal arm64 /Users/chenliangyu/Desktop/Development/BooksBrowserWorkspace/booksbrowser_ios/BooksBrowser/Services/ReadiumService.swift (in target 'BooksBrowser' from project 'BooksBrowser')
    cd /Users/chenliangyu/Desktop/Development/BooksBrowserWorkspace/booksbrowser_ios
    

SwiftEmitModule normal arm64 Emitting\ module\ for\ BooksBrowser (in target 'BooksBrowser' from project 'BooksBrowser')

EmitSwiftModule normal arm64 (in target 'BooksBrowser' from project 'BooksBrowser')
    cd /Users/chenliangyu/Desktop/Development/BooksBrowserWorkspace/booksbrowser_ios
    

SwiftDriverJobDiscovery normal arm64 Compiling ReadiumService.swift (in target 'BooksBrowser' from project 'BooksBrowser')

SwiftCompile normal arm64 Compiling\ BookshelfView.swift /Users/chenliangyu/Desktop/Development/BooksBrowserWorkspace/booksbrowser_ios/BooksBrowser/Views/Bookshelf/BookshelfView.swift (in target 'BooksBrowser' from project 'BooksBrowser')
SwiftCompile normal arm64 /Users/chenliangyu/Desktop/Development/BooksBrowserWorkspace/booksbrowser_ios/BooksBrowser/Views/Bookshelf/BookshelfView.swift (in target 'BooksBrowser' from project 'BooksBrowser')
    cd /Users/chenliangyu/Desktop/Development/BooksBrowserWorkspace/booksbrowser_ios
    

SwiftDriverJobDiscovery normal arm64 Emitting module for BooksBrowser (in target 'BooksBrowser' from project 'BooksBrowser')

SwiftDriver\ Compilation\ Requirements BooksBrowser normal arm64 com.apple.xcode.tools.swift.compiler (in target 'BooksBrowser' from project 'BooksBrowser')
    cd /Users/chenliangyu/Desktop/Development/BooksBrowserWorkspace/booksbrowser_ios
    builtin-Swift-Compilation-Requirements -- /Applications/Xcode.app/Contents/Developer/Toolchains/XcodeDefault.xctoolchain/usr/bin/swiftc -module-name BooksBrowser -Onone -enforce-exclusivity\=checked @/Users/chenliangyu/Library/Developer/Xcode/DerivedData/BooksBrowser-dlrvnwnsktodgveyejdjreelllgw/Build/Intermediates.noindex/BooksBrowser.build/Debug-iphonesimulator/BooksBrowser.build/Objects-normal/arm64/BooksBrowser.SwiftFileList -DDEBUG -Xcc -fmodule-map-file\=/Users/chenliangyu/Library/Developer/Xcode/DerivedData/BooksBrowser-dlrvnwnsktodgveyejdjreelllgw/Build/Intermediates.noindex/GeneratedModuleMaps-iphonesimulator/Minizip.modulemap -Xcc -fmodule-map-file\=/Users/chenliangyu/Library/Developer/Xcode/DerivedData/BooksBrowser-dlrvnwnsktodgveyejdjreelllgw/Build/Intermediates.noindex/GeneratedModuleMaps-iphonesimulator/ReadiumGCDWebServer.modulemap -enable-bare-slash-regex -enable-experimental-feature DebugDescriptionMacro -sdk /Applications/Xcode.app/Contents/Developer/Platforms/iPhoneSimulator.platform/Developer/SDKs/iPhoneSimulator26.2.sdk -target arm64-apple-ios26.0-simulator -g -module-cache-path /Users/chenliangyu/Library/Developer/Xcode/DerivedData/ModuleCache.noindex -Xfrontend -serialize-debugging-options -profile-coverage-mapping -profile-generate -enable-testing -index-store-path /Users/chenliangyu/Library/Developer/Xcode/DerivedData/BooksBrowser-dlrvnwnsktodgveyejdjreelllgw/Index.noindex/DataStore -Xcc -D_LIBCPP_HARDENING_MODE\=_LIBCPP_HARDENING_MODE_DEBUG -swift-version 5 -I /Users/chenliangyu/Library/Developer/Xcode/DerivedData/BooksBrowser-dlrvnwnsktodgveyejdjreelllgw/Build/Products/Debug-iphonesimulator -F /Users/chenliangyu/Library/Developer/Xcode/DerivedData/BooksBrowser-dlrvnwnsktodgveyejdjreelllgw/Build/Products/Debug-iphonesimulator/PackageFrameworks -F /Users/chenliangyu/Library/Developer/Xcode/DerivedData/BooksBrowser-dlrvnwnsktodgveyejdjreelllgw/Build/Products/Debug-iphonesimulator/PackageFrameworks -F /Users/chenliangyu/Library/Developer/Xcode/DerivedData/BooksBrowser-dlrvnwnsktodgveyejdjreelllgw/Build/Products/Debug-iphonesimulator/PackageFrameworks -F /Users/chenliangyu/Library/Developer/Xcode/DerivedData/BooksBrowser-dlrvnwnsktodgveyejdjreelllgw/Build/Products/Debug-iphonesimulator/PackageFrameworks -F /Users/chenliangyu/Library/Developer/Xcode/DerivedData/BooksBrowser-dlrvnwnsktodgveyejdjreelllgw/Build/Products/Debug-iphonesimulator/PackageFrameworks -F /Users/chenliangyu/Library/Developer/Xcode/DerivedData/BooksBrowser-dlrvnwnsktodgveyejdjreelllgw/Build/Products/Debug-iphonesimulator/PackageFrameworks -F /Users/chenliangyu/Library/Developer/Xcode/DerivedData/BooksBrowser-dlrvnwnsktodgveyejdjreelllgw/Build/Products/Debug-iphonesimulator/PackageFrameworks -F /Users/chenliangyu/Library/Developer/Xcode/DerivedData/BooksBrowser-dlrvnwnsktodgveyejdjreelllgw/Build/Products/Debug-iphonesimulator/PackageFrameworks -F /Users/chenliangyu/Library/Developer/Xcode/DerivedData/BooksBrowser-dlrvnwnsktodgveyejdjreelllgw/Build/Products/Debug-iphonesimulator/PackageFrameworks -F /Users/chenliangyu/Library/Developer/Xcode/DerivedData/BooksBrowser-dlrvnwnsktodgveyejdjreelllgw/Build/Products/Debug-iphonesimulator/PackageFrameworks -F /Users/chenliangyu/Library/Developer/Xcode/DerivedData/BooksBrowser-dlrvnwnsktodgveyejdjreelllgw/Build/Products/Debug-iphonesimulator/PackageFrameworks -F /Users/chenliangyu/Library/Developer/Xcode/DerivedData/BooksBrowser-dlrvnwnsktodgveyejdjreelllgw/Build/Products/Debug-iphonesimulator/PackageFrameworks -F /Users/chenliangyu/Library/Developer/Xcode/DerivedData/BooksBrowser-dlrvnwnsktodgveyejdjreelllgw/Build/Products/Debug-iphonesimulator/PackageFrameworks -F /Users/chenliangyu/Library/Developer/Xcode/DerivedData/BooksBrowser-dlrvnwnsktodgveyejdjreelllgw/Build/Products/Debug-iphonesimulator/PackageFrameworks -F /Users/chenliangyu/Library/Developer/Xcode/DerivedData/BooksBrowser-dlrvnwnsktodgveyejdjreelllgw/Build/Products/Debug-iphonesimulator/PackageFrameworks -F /Users/chenliangyu/Library/Developer/Xcode/DerivedData/BooksBrowser-dlrvnwnsktodgveyejdjreelllgw/Build/Products/Debug-iphonesimulator/PackageFrameworks -F /Users/chenliangyu/Library/Developer/Xcode/DerivedData/BooksBrowser-dlrvnwnsktodgveyejdjreelllgw/Build/Products/Debug-iphonesimulator -emit-localized-strings -emit-localized-strings-path /Users/chenliangyu/Library/Developer/Xcode/DerivedData/BooksBrowser-dlrvnwnsktodgveyejdjreelllgw/Build/Intermediates.noindex/BooksBrowser.build/Debug-iphonesimulator/BooksBrowser.build/Objects-normal/arm64 -c -j10 -enable-batch-mode -incremental -Xcc -ivfsstatcache -Xcc /Users/chenliangyu/Library/Developer/Xcode/DerivedData/SDKStatCaches.noindex/iphonesimulator26.2-23C53-7d00a8b37fbd7999ea79df8ebc024bf0.sdkstatcache -output-file-map /Users/chenliangyu/Library/Developer/Xcode/DerivedData/BooksBrowser-dlrvnwnsktodgveyejdjreelllgw/Build/Intermediates.noindex/BooksBrowser.build/Debug-iphonesimulator/BooksBrowser.build/Objects-normal/arm64/BooksBrowser-OutputFileMap.json -use-frontend-parseable-output -save-temps -no-color-diagnostics -explicit-module-build -module-cache-path /Users/chenliangyu/Library/Developer/Xcode/DerivedData/BooksBrowser-dlrvnwnsktodgveyejdjreelllgw/Build/Intermediates.noindex/SwiftExplicitPrecompiledModules -clang-scanner-module-cache-path /Users/chenliangyu/Library/Developer/Xcode/DerivedData/ModuleCache.noindex -sdk-module-cache-path /Users/chenliangyu/Library/Developer/Xcode/DerivedData/ModuleCache.noindex -serialize-diagnostics -emit-dependencies -emit-module -emit-module-path /Users/chenliangyu/Library/Developer/Xcode/DerivedData/BooksBrowser-dlrvnwnsktodgveyejdjreelllgw/Build/Intermediates.noindex/BooksBrowser.build/Debug-iphonesimulator/BooksBrowser.build/Objects-normal/arm64/BooksBrowser.swiftmodule -validate-clang-modules-once -clang-build-session-file /Users/chenliangyu/Library/Developer/Xcode/DerivedData/ModuleCache.noindex/Session.modulevalidation -Xcc -I/Users/chenliangyu/Library/Developer/Xcode/DerivedData/BooksBrowser-dlrvnwnsktodgveyejdjreelllgw/Build/Intermediates.noindex/BooksBrowser.build/Debug-iphonesimulator/BooksBrowser.build/swift-overrides.hmap -emit-const-values -Xfrontend -const-gather-protocols-file -Xfrontend /Users/chenliangyu/Library/Developer/Xcode/DerivedData/BooksBrowser-dlrvnwnsktodgveyejdjreelllgw/Build/Intermediates.noindex/BooksBrowser.build/Debug-iphonesimulator/BooksBrowser.build/Objects-normal/arm64/BooksBrowser_const_extract_protocols.json -Xcc -iquote -Xcc /Users/chenliangyu/Library/Developer/Xcode/DerivedData/BooksBrowser-dlrvnwnsktodgveyejdjreelllgw/Build/Intermediates.noindex/BooksBrowser.build/Debug-iphonesimulator/BooksBrowser.build/BooksBrowser-generated-files.hmap -Xcc -I/Users/chenliangyu/Library/Developer/Xcode/DerivedData/BooksBrowser-dlrvnwnsktodgveyejdjreelllgw/Build/Intermediates.noindex/BooksBrowser.build/Debug-iphonesimulator/BooksBrowser.build/BooksBrowser-own-target-headers.hmap -Xcc -I/Users/chenliangyu/Library/Developer/Xcode/DerivedData/BooksBrowser-dlrvnwnsktodgveyejdjreelllgw/Build/Intermediates.noindex/BooksBrowser.build/Debug-iphonesimulator/BooksBrowser.build/BooksBrowser-all-non-framework-target-headers.hmap -Xcc -ivfsoverlay -Xcc /Users/chenliangyu/Library/Developer/Xcode/DerivedData/BooksBrowser-dlrvnwnsktodgveyejdjreelllgw/Build/Intermediates.noindex/BooksBrowser.build/Debug-iphonesimulator/BooksBrowser-4ffbb5777bd044cac22ff332985463c8-VFS-iphonesimulator/all-product-headers.yaml -Xcc -iquote -Xcc /Users/chenliangyu/Library/Developer/Xcode/DerivedData/BooksBrowser-dlrvnwnsktodgveyejdjreelllgw/Build/Intermediates.noindex/BooksBrowser.build/Debug-iphonesimulator/BooksBrowser.build/BooksBrowser-project-headers.hmap -Xcc -I/Users/chenliangyu/Library/Developer/Xcode/DerivedData/BooksBrowser-dlrvnwnsktodgveyejdjreelllgw/SourcePackages/checkouts/swift-atomics/Sources/_AtomicsShims/include -Xcc -I/Users/chenliangyu/Library/Developer/Xcode/DerivedData/BooksBrowser-dlrvnwnsktodgveyejdjreelllgw/SourcePackages/checkouts/Zip/Zip/minizip/include -Xcc -I/Users/chenliangyu/Library/Developer/Xcode/DerivedData/BooksBrowser-dlrvnwnsktodgveyejdjreelllgw/SourcePackages/checkouts/GCDWebServer/GCDWebServer/include -Xcc -I/Users/chenliangyu/Library/Developer/Xcode/DerivedData/BooksBrowser-dlrvnwnsktodgveyejdjreelllgw/Build/Products/Debug-iphonesimulator/include -Xcc -I/Users/chenliangyu/Library/Developer/Xcode/DerivedData/BooksBrowser-dlrvnwnsktodgveyejdjreelllgw/Build/Intermediates.noindex/BooksBrowser.build/Debug-iphonesimulator/BooksBrowser.build/DerivedSources-normal/arm64 -Xcc -I/Users/chenliangyu/Library/Developer/Xcode/DerivedData/BooksBrowser-dlrvnwnsktodgveyejdjreelllgw/Build/Intermediates.noindex/BooksBrowser.build/Debug-iphonesimulator/BooksBrowser.build/DerivedSources/arm64 -Xcc -I/Users/chenliangyu/Library/Developer/Xcode/DerivedData/BooksBrowser-dlrvnwnsktodgveyejdjreelllgw/Build/Intermediates.noindex/BooksBrowser.build/Debug-iphonesimulator/BooksBrowser.build/DerivedSources -Xcc -DDEBUG\=1 -emit-objc-header -emit-objc-header-path /Users/chenliangyu/Library/Developer/Xcode/DerivedData/BooksBrowser-dlrvnwnsktodgveyejdjreelllgw/Build/Intermediates.noindex/BooksBrowser.build/Debug-iphonesimulator/BooksBrowser.build/Objects-normal/arm64/BooksBrowser-Swift.h -working-directory /Users/chenliangyu/Desktop/Development/BooksBrowserWorkspace/booksbrowser_ios -experimental-emit-module-separately -disable-cmo

Copy /Users/chenliangyu/Library/Developer/Xcode/DerivedData/BooksBrowser-dlrvnwnsktodgveyejdjreelllgw/Build/Products/Debug-iphonesimulator/BooksBrowser.swiftmodule/Project/arm64-apple-ios-simulator.swiftsourceinfo /Users/chenliangyu/Library/Developer/Xcode/DerivedData/BooksBrowser-dlrvnwnsktodgveyejdjreelllgw/Build/Intermediates.noindex/BooksBrowser.build/Debug-iphonesimulator/BooksBrowser.build/Objects-normal/arm64/BooksBrowser.swiftsourceinfo (in target 'BooksBrowser' from project 'BooksBrowser')
    cd /Users/chenliangyu/Desktop/Development/BooksBrowserWorkspace/booksbrowser_ios
    builtin-copy -exclude .DS_Store -exclude CVS -exclude .svn -exclude .git -exclude .hg -resolve-src-symlinks -rename /Users/chenliangyu/Library/Developer/Xcode/DerivedData/BooksBrowser-dlrvnwnsktodgveyejdjreelllgw/Build/Intermediates.noindex/BooksBrowser.build/Debug-iphonesimulator/BooksBrowser.build/Objects-normal/arm64/BooksBrowser.swiftsourceinfo /Users/chenliangyu/Library/Developer/Xcode/DerivedData/BooksBrowser-dlrvnwnsktodgveyejdjreelllgw/Build/Products/Debug-iphonesimulator/BooksBrowser.swiftmodule/Project/arm64-apple-ios-simulator.swiftsourceinfo

Copy /Users/chenliangyu/Library/Developer/Xcode/DerivedData/BooksBrowser-dlrvnwnsktodgveyejdjreelllgw/Build/Products/Debug-iphonesimulator/BooksBrowser.swiftmodule/arm64-apple-ios-simulator.swiftdoc /Users/chenliangyu/Library/Developer/Xcode/DerivedData/BooksBrowser-dlrvnwnsktodgveyejdjreelllgw/Build/Intermediates.noindex/BooksBrowser.build/Debug-iphonesimulator/BooksBrowser.build/Objects-normal/arm64/BooksBrowser.swiftdoc (in target 'BooksBrowser' from project 'BooksBrowser')
    cd /Users/chenliangyu/Desktop/Development/BooksBrowserWorkspace/booksbrowser_ios
    builtin-copy -exclude .DS_Store -exclude CVS -exclude .svn -exclude .git -exclude .hg -resolve-src-symlinks -rename /Users/chenliangyu/Library/Developer/Xcode/DerivedData/BooksBrowser-dlrvnwnsktodgveyejdjreelllgw/Build/Intermediates.noindex/BooksBrowser.build/Debug-iphonesimulator/BooksBrowser.build/Objects-normal/arm64/BooksBrowser.swiftdoc /Users/chenliangyu/Library/Developer/Xcode/DerivedData/BooksBrowser-dlrvnwnsktodgveyejdjreelllgw/Build/Products/Debug-iphonesimulator/BooksBrowser.swiftmodule/arm64-apple-ios-simulator.swiftdoc

Copy /Users/chenliangyu/Library/Developer/Xcode/DerivedData/BooksBrowser-dlrvnwnsktodgveyejdjreelllgw/Build/Products/Debug-iphonesimulator/BooksBrowser.swiftmodule/arm64-apple-ios-simulator.swiftmodule /Users/chenliangyu/Library/Developer/Xcode/DerivedData/BooksBrowser-dlrvnwnsktodgveyejdjreelllgw/Build/Intermediates.noindex/BooksBrowser.build/Debug-iphonesimulator/BooksBrowser.build/Objects-normal/arm64/BooksBrowser.swiftmodule (in target 'BooksBrowser' from project 'BooksBrowser')
    cd /Users/chenliangyu/Desktop/Development/BooksBrowserWorkspace/booksbrowser_ios
    builtin-copy -exclude .DS_Store -exclude CVS -exclude .svn -exclude .git -exclude .hg -resolve-src-symlinks -rename /Users/chenliangyu/Library/Developer/Xcode/DerivedData/BooksBrowser-dlrvnwnsktodgveyejdjreelllgw/Build/Intermediates.noindex/BooksBrowser.build/Debug-iphonesimulator/BooksBrowser.build/Objects-normal/arm64/BooksBrowser.swiftmodule /Users/chenliangyu/Library/Developer/Xcode/DerivedData/BooksBrowser-dlrvnwnsktodgveyejdjreelllgw/Build/Products/Debug-iphonesimulator/BooksBrowser.swiftmodule/arm64-apple-ios-simulator.swiftmodule

Copy /Users/chenliangyu/Library/Developer/Xcode/DerivedData/BooksBrowser-dlrvnwnsktodgveyejdjreelllgw/Build/Products/Debug-iphonesimulator/BooksBrowser.swiftmodule/arm64-apple-ios-simulator.abi.json /Users/chenliangyu/Library/Developer/Xcode/DerivedData/BooksBrowser-dlrvnwnsktodgveyejdjreelllgw/Build/Intermediates.noindex/BooksBrowser.build/Debug-iphonesimulator/BooksBrowser.build/Objects-normal/arm64/BooksBrowser.abi.json (in target 'BooksBrowser' from project 'BooksBrowser')
    cd /Users/chenliangyu/Desktop/Development/BooksBrowserWorkspace/booksbrowser_ios
    builtin-copy -exclude .DS_Store -exclude CVS -exclude .svn -exclude .git -exclude .hg -resolve-src-symlinks -rename /Users/chenliangyu/Library/Developer/Xcode/DerivedData/BooksBrowser-dlrvnwnsktodgveyejdjreelllgw/Build/Intermediates.noindex/BooksBrowser.build/Debug-iphonesimulator/BooksBrowser.build/Objects-normal/arm64/BooksBrowser.abi.json /Users/chenliangyu/Library/Developer/Xcode/DerivedData/BooksBrowser-dlrvnwnsktodgveyejdjreelllgw/Build/Products/Debug-iphonesimulator/BooksBrowser.swiftmodule/arm64-apple-ios-simulator.abi.json

SwiftDriverJobDiscovery normal arm64 Compiling ReadiumNavigatorView.swift (in target 'BooksBrowser' from project 'BooksBrowser')

SwiftDriverJobDiscovery normal arm64 Compiling ReaderView.swift (in target 'BooksBrowser' from project 'BooksBrowser')

SwiftDriverJobDiscovery normal arm64 Compiling BookshelfView.swift (in target 'BooksBrowser' from project 'BooksBrowser')

SwiftDriver\ Compilation BooksBrowser normal arm64 com.apple.xcode.tools.swift.compiler (in target 'BooksBrowser' from project 'BooksBrowser')
    cd /Users/chenliangyu/Desktop/Development/BooksBrowserWorkspace/booksbrowser_ios
    builtin-Swift-Compilation -- /Applications/Xcode.app/Contents/Developer/Toolchains/XcodeDefault.xctoolchain/usr/bin/swiftc -module-name BooksBrowser -Onone -enforce-exclusivity\=checked @/Users/chenliangyu/Library/Developer/Xcode/DerivedData/BooksBrowser-dlrvnwnsktodgveyejdjreelllgw/Build/Intermediates.noindex/BooksBrowser.build/Debug-iphonesimulator/BooksBrowser.build/Objects-normal/arm64/BooksBrowser.SwiftFileList -DDEBUG -Xcc -fmodule-map-file\=/Users/chenliangyu/Library/Developer/Xcode/DerivedData/BooksBrowser-dlrvnwnsktodgveyejdjreelllgw/Build/Intermediates.noindex/GeneratedModuleMaps-iphonesimulator/Minizip.modulemap -Xcc -fmodule-map-file\=/Users/chenliangyu/Library/Developer/Xcode/DerivedData/BooksBrowser-dlrvnwnsktodgveyejdjreelllgw/Build/Intermediates.noindex/GeneratedModuleMaps-iphonesimulator/ReadiumGCDWebServer.modulemap -enable-bare-slash-regex -enable-experimental-feature DebugDescriptionMacro -sdk /Applications/Xcode.app/Contents/Developer/Platforms/iPhoneSimulator.platform/Developer/SDKs/iPhoneSimulator26.2.sdk -target arm64-apple-ios26.0-simulator -g -module-cache-path /Users/chenliangyu/Library/Developer/Xcode/DerivedData/ModuleCache.noindex -Xfrontend -serialize-debugging-options -profile-coverage-mapping -profile-generate -enable-testing -index-store-path /Users/chenliangyu/Library/Developer/Xcode/DerivedData/BooksBrowser-dlrvnwnsktodgveyejdjreelllgw/Index.noindex/DataStore -Xcc -D_LIBCPP_HARDENING_MODE\=_LIBCPP_HARDENING_MODE_DEBUG -swift-version 5 -I /Users/chenliangyu/Library/Developer/Xcode/DerivedData/BooksBrowser-dlrvnwnsktodgveyejdjreelllgw/Build/Products/Debug-iphonesimulator -F /Users/chenliangyu/Library/Developer/Xcode/DerivedData/BooksBrowser-dlrvnwnsktodgveyejdjreelllgw/Build/Products/Debug-iphonesimulator/PackageFrameworks -F /Users/chenliangyu/Library/Developer/Xcode/DerivedData/BooksBrowser-dlrvnwnsktodgveyejdjreelllgw/Build/Products/Debug-iphonesimulator/PackageFrameworks -F /Users/chenliangyu/Library/Developer/Xcode/DerivedData/BooksBrowser-dlrvnwnsktodgveyejdjreelllgw/Build/Products/Debug-iphonesimulator/PackageFrameworks -F /Users/chenliangyu/Library/Developer/Xcode/DerivedData/BooksBrowser-dlrvnwnsktodgveyejdjreelllgw/Build/Products/Debug-iphonesimulator/PackageFrameworks -F /Users/chenliangyu/Library/Developer/Xcode/DerivedData/BooksBrowser-dlrvnwnsktodgveyejdjreelllgw/Build/Products/Debug-iphonesimulator/PackageFrameworks -F /Users/chenliangyu/Library/Developer/Xcode/DerivedData/BooksBrowser-dlrvnwnsktodgveyejdjreelllgw/Build/Products/Debug-iphonesimulator/PackageFrameworks -F /Users/chenliangyu/Library/Developer/Xcode/DerivedData/BooksBrowser-dlrvnwnsktodgveyejdjreelllgw/Build/Products/Debug-iphonesimulator/PackageFrameworks -F /Users/chenliangyu/Library/Developer/Xcode/DerivedData/BooksBrowser-dlrvnwnsktodgveyejdjreelllgw/Build/Products/Debug-iphonesimulator/PackageFrameworks -F /Users/chenliangyu/Library/Developer/Xcode/DerivedData/BooksBrowser-dlrvnwnsktodgveyejdjreelllgw/Build/Products/Debug-iphonesimulator/PackageFrameworks -F /Users/chenliangyu/Library/Developer/Xcode/DerivedData/BooksBrowser-dlrvnwnsktodgveyejdjreelllgw/Build/Products/Debug-iphonesimulator/PackageFrameworks -F /Users/chenliangyu/Library/Developer/Xcode/DerivedData/BooksBrowser-dlrvnwnsktodgveyejdjreelllgw/Build/Products/Debug-iphonesimulator/PackageFrameworks -F /Users/chenliangyu/Library/Developer/Xcode/DerivedData/BooksBrowser-dlrvnwnsktodgveyejdjreelllgw/Build/Products/Debug-iphonesimulator/PackageFrameworks -F /Users/chenliangyu/Library/Developer/Xcode/DerivedData/BooksBrowser-dlrvnwnsktodgveyejdjreelllgw/Build/Products/Debug-iphonesimulator/PackageFrameworks -F /Users/chenliangyu/Library/Developer/Xcode/DerivedData/BooksBrowser-dlrvnwnsktodgveyejdjreelllgw/Build/Products/Debug-iphonesimulator/PackageFrameworks -F /Users/chenliangyu/Library/Developer/Xcode/DerivedData/BooksBrowser-dlrvnwnsktodgveyejdjreelllgw/Build/Products/Debug-iphonesimulator/PackageFrameworks -F /Users/chenliangyu/Library/Developer/Xcode/DerivedData/BooksBrowser-dlrvnwnsktodgveyejdjreelllgw/Build/Products/Debug-iphonesimulator/PackageFrameworks -F /Users/chenliangyu/Library/Developer/Xcode/DerivedData/BooksBrowser-dlrvnwnsktodgveyejdjreelllgw/Build/Products/Debug-iphonesimulator -emit-localized-strings -emit-localized-strings-path /Users/chenliangyu/Library/Developer/Xcode/DerivedData/BooksBrowser-dlrvnwnsktodgveyejdjreelllgw/Build/Intermediates.noindex/BooksBrowser.build/Debug-iphonesimulator/BooksBrowser.build/Objects-normal/arm64 -c -j10 -enable-batch-mode -incremental -Xcc -ivfsstatcache -Xcc /Users/chenliangyu/Library/Developer/Xcode/DerivedData/SDKStatCaches.noindex/iphonesimulator26.2-23C53-7d00a8b37fbd7999ea79df8ebc024bf0.sdkstatcache -output-file-map /Users/chenliangyu/Library/Developer/Xcode/DerivedData/BooksBrowser-dlrvnwnsktodgveyejdjreelllgw/Build/Intermediates.noindex/BooksBrowser.build/Debug-iphonesimulator/BooksBrowser.build/Objects-normal/arm64/BooksBrowser-OutputFileMap.json -use-frontend-parseable-output -save-temps -no-color-diagnostics -explicit-module-build -module-cache-path /Users/chenliangyu/Library/Developer/Xcode/DerivedData/BooksBrowser-dlrvnwnsktodgveyejdjreelllgw/Build/Intermediates.noindex/SwiftExplicitPrecompiledModules -clang-scanner-module-cache-path /Users/chenliangyu/Library/Developer/Xcode/DerivedData/ModuleCache.noindex -sdk-module-cache-path /Users/chenliangyu/Library/Developer/Xcode/DerivedData/ModuleCache.noindex -serialize-diagnostics -emit-dependencies -emit-module -emit-module-path /Users/chenliangyu/Library/Developer/Xcode/DerivedData/BooksBrowser-dlrvnwnsktodgveyejdjreelllgw/Build/Intermediates.noindex/BooksBrowser.build/Debug-iphonesimulator/BooksBrowser.build/Objects-normal/arm64/BooksBrowser.swiftmodule -validate-clang-modules-once -clang-build-session-file /Users/chenliangyu/Library/Developer/Xcode/DerivedData/ModuleCache.noindex/Session.modulevalidation -Xcc -I/Users/chenliangyu/Library/Developer/Xcode/DerivedData/BooksBrowser-dlrvnwnsktodgveyejdjreelllgw/Build/Intermediates.noindex/BooksBrowser.build/Debug-iphonesimulator/BooksBrowser.build/swift-overrides.hmap -emit-const-values -Xfrontend -const-gather-protocols-file -Xfrontend /Users/chenliangyu/Library/Developer/Xcode/DerivedData/BooksBrowser-dlrvnwnsktodgveyejdjreelllgw/Build/Intermediates.noindex/BooksBrowser.build/Debug-iphonesimulator/BooksBrowser.build/Objects-normal/arm64/BooksBrowser_const_extract_protocols.json -Xcc -iquote -Xcc /Users/chenliangyu/Library/Developer/Xcode/DerivedData/BooksBrowser-dlrvnwnsktodgveyejdjreelllgw/Build/Intermediates.noindex/BooksBrowser.build/Debug-iphonesimulator/BooksBrowser.build/BooksBrowser-generated-files.hmap -Xcc -I/Users/chenliangyu/Library/Developer/Xcode/DerivedData/BooksBrowser-dlrvnwnsktodgveyejdjreelllgw/Build/Intermediates.noindex/BooksBrowser.build/Debug-iphonesimulator/BooksBrowser.build/BooksBrowser-own-target-headers.hmap -Xcc -I/Users/chenliangyu/Library/Developer/Xcode/DerivedData/BooksBrowser-dlrvnwnsktodgveyejdjreelllgw/Build/Intermediates.noindex/BooksBrowser.build/Debug-iphonesimulator/BooksBrowser.build/BooksBrowser-all-non-framework-target-headers.hmap -Xcc -ivfsoverlay -Xcc /Users/chenliangyu/Library/Developer/Xcode/DerivedData/BooksBrowser-dlrvnwnsktodgveyejdjreelllgw/Build/Intermediates.noindex/BooksBrowser.build/Debug-iphonesimulator/BooksBrowser-4ffbb5777bd044cac22ff332985463c8-VFS-iphonesimulator/all-product-headers.yaml -Xcc -iquote -Xcc /Users/chenliangyu/Library/Developer/Xcode/DerivedData/BooksBrowser-dlrvnwnsktodgveyejdjreelllgw/Build/Intermediates.noindex/BooksBrowser.build/Debug-iphonesimulator/BooksBrowser.build/BooksBrowser-project-headers.hmap -Xcc -I/Users/chenliangyu/Library/Developer/Xcode/DerivedData/BooksBrowser-dlrvnwnsktodgveyejdjreelllgw/SourcePackages/checkouts/swift-atomics/Sources/_AtomicsShims/include -Xcc -I/Users/chenliangyu/Library/Developer/Xcode/DerivedData/BooksBrowser-dlrvnwnsktodgveyejdjreelllgw/SourcePackages/checkouts/Zip/Zip/minizip/include -Xcc -I/Users/chenliangyu/Library/Developer/Xcode/DerivedData/BooksBrowser-dlrvnwnsktodgveyejdjreelllgw/SourcePackages/checkouts/GCDWebServer/GCDWebServer/include -Xcc -I/Users/chenliangyu/Library/Developer/Xcode/DerivedData/BooksBrowser-dlrvnwnsktodgveyejdjreelllgw/Build/Products/Debug-iphonesimulator/include -Xcc -I/Users/chenliangyu/Library/Developer/Xcode/DerivedData/BooksBrowser-dlrvnwnsktodgveyejdjreelllgw/Build/Intermediates.noindex/BooksBrowser.build/Debug-iphonesimulator/BooksBrowser.build/DerivedSources-normal/arm64 -Xcc -I/Users/chenliangyu/Library/Developer/Xcode/DerivedData/BooksBrowser-dlrvnwnsktodgveyejdjreelllgw/Build/Intermediates.noindex/BooksBrowser.build/Debug-iphonesimulator/BooksBrowser.build/DerivedSources/arm64 -Xcc -I/Users/chenliangyu/Library/Developer/Xcode/DerivedData/BooksBrowser-dlrvnwnsktodgveyejdjreelllgw/Build/Intermediates.noindex/BooksBrowser.build/Debug-iphonesimulator/BooksBrowser.build/DerivedSources -Xcc -DDEBUG\=1 -emit-objc-header -emit-objc-header-path /Users/chenliangyu/Library/Developer/Xcode/DerivedData/BooksBrowser-dlrvnwnsktodgveyejdjreelllgw/Build/Intermediates.noindex/BooksBrowser.build/Debug-iphonesimulator/BooksBrowser.build/Objects-normal/arm64/BooksBrowser-Swift.h -working-directory /Users/chenliangyu/Desktop/Development/BooksBrowserWorkspace/booksbrowser_ios -experimental-emit-module-separately -disable-cmo

Ld /Users/chenliangyu/Library/Developer/Xcode/DerivedData/BooksBrowser-dlrvnwnsktodgveyejdjreelllgw/Build/Products/Debug-iphonesimulator/BooksBrowser.app/BooksBrowser.debug.dylib normal (in target 'BooksBrowser' from project 'BooksBrowser')
    cd /Users/chenliangyu/Desktop/Development/BooksBrowserWorkspace/booksbrowser_ios
    /Applications/Xcode.app/Contents/Developer/Toolchains/XcodeDefault.xctoolchain/usr/bin/clang -Xlinker -reproducible -target arm64-apple-ios26.0-simulator -dynamiclib -isysroot /Applications/Xcode.app/Contents/Developer/Platforms/iPhoneSimulator.platform/Developer/SDKs/iPhoneSimulator26.2.sdk -O0 -L/Users/chenliangyu/Library/Developer/Xcode/DerivedData/BooksBrowser-dlrvnwnsktodgveyejdjreelllgw/Build/Intermediates.noindex/EagerLinkingTBDs/Debug-iphonesimulator -L/Users/chenliangyu/Library/Developer/Xcode/DerivedData/BooksBrowser-dlrvnwnsktodgveyejdjreelllgw/Build/Products/Debug-iphonesimulator -F/Users/chenliangyu/Library/Developer/Xcode/DerivedData/BooksBrowser-dlrvnwnsktodgveyejdjreelllgw/Build/Intermediates.noindex/EagerLinkingTBDs/Debug-iphonesimulator -F/Users/chenliangyu/Library/Developer/Xcode/DerivedData/BooksBrowser-dlrvnwnsktodgveyejdjreelllgw/Build/Products/Debug-iphonesimulator/PackageFrameworks -F/Users/chenliangyu/Library/Developer/Xcode/DerivedData/BooksBrowser-dlrvnwnsktodgveyejdjreelllgw/Build/Products/Debug-iphonesimulator/PackageFrameworks -F/Users/chenliangyu/Library/Developer/Xcode/DerivedData/BooksBrowser-dlrvnwnsktodgveyejdjreelllgw/Build/Products/Debug-iphonesimulator/PackageFrameworks -F/Users/chenliangyu/Library/Developer/Xcode/DerivedData/BooksBrowser-dlrvnwnsktodgveyejdjreelllgw/Build/Products/Debug-iphonesimulator/PackageFrameworks -F/Users/chenliangyu/Library/Developer/Xcode/DerivedData/BooksBrowser-dlrvnwnsktodgveyejdjreelllgw/Build/Products/Debug-iphonesimulator/PackageFrameworks -F/Users/chenliangyu/Library/Developer/Xcode/DerivedData/BooksBrowser-dlrvnwnsktodgveyejdjreelllgw/Build/Products/Debug-iphonesimulator/PackageFrameworks -F/Users/chenliangyu/Library/Developer/Xcode/DerivedData/BooksBrowser-dlrvnwnsktodgveyejdjreelllgw/Build/Products/Debug-iphonesimulator/PackageFrameworks -F/Users/chenliangyu/Library/Developer/Xcode/DerivedData/BooksBrowser-dlrvnwnsktodgveyejdjreelllgw/Build/Products/Debug-iphonesimulator/PackageFrameworks -F/Users/chenliangyu/Library/Developer/Xcode/DerivedData/BooksBrowser-dlrvnwnsktodgveyejdjreelllgw/Build/Products/Debug-iphonesimulator/PackageFrameworks -F/Users/chenliangyu/Library/Developer/Xcode/DerivedData/BooksBrowser-dlrvnwnsktodgveyejdjreelllgw/Build/Products/Debug-iphonesimulator/PackageFrameworks -F/Users/chenliangyu/Library/Developer/Xcode/DerivedData/BooksBrowser-dlrvnwnsktodgveyejdjreelllgw/Build/Products/Debug-iphonesimulator/PackageFrameworks -F/Users/chenliangyu/Library/Developer/Xcode/DerivedData/BooksBrowser-dlrvnwnsktodgveyejdjreelllgw/Build/Products/Debug-iphonesimulator/PackageFrameworks -F/Users/chenliangyu/Library/Developer/Xcode/DerivedData/BooksBrowser-dlrvnwnsktodgveyejdjreelllgw/Build/Products/Debug-iphonesimulator/PackageFrameworks -F/Users/chenliangyu/Library/Developer/Xcode/DerivedData/BooksBrowser-dlrvnwnsktodgveyejdjreelllgw/Build/Products/Debug-iphonesimulator/PackageFrameworks -F/Users/chenliangyu/Library/Developer/Xcode/DerivedData/BooksBrowser-dlrvnwnsktodgveyejdjreelllgw/Build/Products/Debug-iphonesimulator/PackageFrameworks -F/Users/chenliangyu/Library/Developer/Xcode/DerivedData/BooksBrowser-dlrvnwnsktodgveyejdjreelllgw/Build/Products/Debug-iphonesimulator/PackageFrameworks -F/Users/chenliangyu/Library/Developer/Xcode/DerivedData/BooksBrowser-dlrvnwnsktodgveyejdjreelllgw/Build/Products/Debug-iphonesimulator -filelist /Users/chenliangyu/Library/Developer/Xcode/DerivedData/BooksBrowser-dlrvnwnsktodgveyejdjreelllgw/Build/Intermediates.noindex/BooksBrowser.build/Debug-iphonesimulator/BooksBrowser.build/Objects-normal/arm64/BooksBrowser.LinkFileList -install_name @rpath/BooksBrowser.debug.dylib -Xlinker -rpath -Xlinker /Users/chenliangyu/Library/Developer/Xcode/DerivedData/BooksBrowser-dlrvnwnsktodgveyejdjreelllgw/Build/Products/Debug-iphonesimulator/PackageFrameworks -Xlinker -rpath -Xlinker @executable_path/Frameworks -dead_strip -Xlinker -object_path_lto -Xlinker /Users/chenliangyu/Library/Developer/Xcode/DerivedData/BooksBrowser-dlrvnwnsktodgveyejdjreelllgw/Build/Intermediates.noindex/BooksBrowser.build/Debug-iphonesimulator/BooksBrowser.build/Objects-normal/arm64/BooksBrowser_lto.o -rdynamic -Xlinker -no_deduplicate -Xlinker -objc_abi_version -Xlinker 2 -Xlinker -debug_variant -Xlinker -dependency_info -Xlinker /Users/chenliangyu/Library/Developer/Xcode/DerivedData/BooksBrowser-dlrvnwnsktodgveyejdjreelllgw/Build/Intermediates.noindex/BooksBrowser.build/Debug-iphonesimulator/BooksBrowser.build/Objects-normal/arm64/BooksBrowser_dependency_info.dat -fobjc-link-runtime -fprofile-instr-generate -L/Applications/Xcode.app/Contents/Developer/Toolchains/XcodeDefault.xctoolchain/usr/lib/swift/iphonesimulator -L/usr/lib/swift -Xlinker -add_ast_path -Xlinker /Users/chenliangyu/Library/Developer/Xcode/DerivedData/BooksBrowser-dlrvnwnsktodgveyejdjreelllgw/Build/Intermediates.noindex/BooksBrowser.build/Debug-iphonesimulator/BooksBrowser.build/Objects-normal/arm64/BooksBrowser.swiftmodule @/Users/chenliangyu/Library/Developer/Xcode/DerivedData/BooksBrowser-dlrvnwnsktodgveyejdjreelllgw/Build/Intermediates.noindex/BooksBrowser.build/Debug-iphonesimulator/BooksBrowser.build/Objects-normal/arm64/BooksBrowser-linker-args.resp -Wl,-no_warn_duplicate_libraries -Wl,-no_warn_duplicate_libraries -Wl,-no_warn_duplicate_libraries -Wl,-no_warn_duplicate_libraries -Wl,-no_warn_duplicate_libraries -Wl,-no_warn_duplicate_libraries -Wl,-no_warn_duplicate_libraries -Wl,-no_warn_duplicate_libraries -Wl,-no_warn_duplicate_libraries -Wl,-no_warn_duplicate_libraries -Wl,-no_warn_duplicate_libraries -Wl,-no_warn_duplicate_libraries -Wl,-no_warn_duplicate_libraries -Wl,-no_warn_duplicate_libraries -Wl,-no_warn_duplicate_libraries -Wl,-no_warn_duplicate_libraries -framework CoreServices -framework UIKit -lxml2 -lz -Xlinker -alias -Xlinker _main -Xlinker ___debug_main_executable_dylib_entry_point -Xlinker -no_adhoc_codesign -o /Users/chenliangyu/Library/Developer/Xcode/DerivedData/BooksBrowser-dlrvnwnsktodgveyejdjreelllgw/Build/Products/Debug-iphonesimulator/BooksBrowser.app/BooksBrowser.debug.dylib -Xlinker -add_ast_path -Xlinker /Users/chenliangyu/Library/Developer/Xcode/DerivedData/BooksBrowser-dlrvnwnsktodgveyejdjreelllgw/Build/Intermediates.noindex/Readium.build/Debug-iphonesimulator/ReadiumShared.build/Objects-normal/arm64/ReadiumShared.swiftmodule @/Users/chenliangyu/Library/Developer/Xcode/DerivedData/BooksBrowser-dlrvnwnsktodgveyejdjreelllgw/Build/Intermediates.noindex/Readium.build/Debug-iphonesimulator/ReadiumShared.build/Objects-normal/arm64/ReadiumShared-linker-args.resp -Xlinker -add_ast_path -Xlinker /Users/chenliangyu/Library/Developer/Xcode/DerivedData/BooksBrowser-dlrvnwnsktodgveyejdjreelllgw/Build/Intermediates.noindex/Readium.build/Debug-iphonesimulator/ReadiumInternal.build/Objects-normal/arm64/ReadiumInternal.swiftmodule @/Users/chenliangyu/Library/Developer/Xcode/DerivedData/BooksBrowser-dlrvnwnsktodgveyejdjreelllgw/Build/Intermediates.noindex/Readium.build/Debug-iphonesimulator/ReadiumInternal.build/Objects-normal/arm64/ReadiumInternal-linker-args.resp -Xlinker -add_ast_path -Xlinker /Users/chenliangyu/Library/Developer/Xcode/DerivedData/BooksBrowser-dlrvnwnsktodgveyejdjreelllgw/Build/Intermediates.noindex/SwiftSoup.build/Debug-iphonesimulator/SwiftSoup.build/Objects-normal/arm64/SwiftSoup.swiftmodule @/Users/chenliangyu/Library/Developer/Xcode/DerivedData/BooksBrowser-dlrvnwnsktodgveyejdjreelllgw/Build/Intermediates.noindex/SwiftSoup.build/Debug-iphonesimulator/SwiftSoup.build/Objects-normal/arm64/SwiftSoup-linker-args.resp -Xlinker -add_ast_path -Xlinker /Users/chenliangyu/Library/Developer/Xcode/DerivedData/BooksBrowser-dlrvnwnsktodgveyejdjreelllgw/Build/Intermediates.noindex/LRUCache.build/Debug-iphonesimulator/LRUCache.build/Objects-normal/arm64/LRUCache.swiftmodule @/Users/chenliangyu/Library/Developer/Xcode/DerivedData/BooksBrowser-dlrvnwnsktodgveyejdjreelllgw/Build/Intermediates.noindex/LRUCache.build/Debug-iphonesimulator/LRUCache.build/Objects-normal/arm64/LRUCache-linker-args.resp -Xlinker -add_ast_path -Xlinker /Users/chenliangyu/Library/Developer/Xcode/DerivedData/BooksBrowser-dlrvnwnsktodgveyejdjreelllgw/Build/Intermediates.noindex/swift-atomics.build/Debug-iphonesimulator/Atomics.build/Objects-normal/arm64/Atomics.swiftmodule @/Users/chenliangyu/Library/Developer/Xcode/DerivedData/BooksBrowser-dlrvnwnsktodgveyejdjreelllgw/Build/Intermediates.noindex/swift-atomics.build/Debug-iphonesimulator/Atomics.build/Objects-normal/arm64/Atomics-linker-args.resp -Xlinker -add_ast_path -Xlinker /Users/chenliangyu/Library/Developer/Xcode/DerivedData/BooksBrowser-dlrvnwnsktodgveyejdjreelllgw/Build/Intermediates.noindex/Zip.build/Debug-iphonesimulator/Zip.build/Objects-normal/arm64/Zip.swiftmodule @/Users/chenliangyu/Library/Developer/Xcode/DerivedData/BooksBrowser-dlrvnwnsktodgveyejdjreelllgw/Build/Intermediates.noindex/Zip.build/Debug-iphonesimulator/Zip.build/Objects-normal/arm64/Zip-linker-args.resp -Xlinker -add_ast_path -Xlinker /Users/chenliangyu/Library/Developer/Xcode/DerivedData/BooksBrowser-dlrvnwnsktodgveyejdjreelllgw/Build/Intermediates.noindex/ReadiumFuzi.build/Debug-iphonesimulator/ReadiumFuzi.build/Objects-normal/arm64/ReadiumFuzi.swiftmodule @/Users/chenliangyu/Library/Developer/Xcode/DerivedData/BooksBrowser-dlrvnwnsktodgveyejdjreelllgw/Build/Intermediates.noindex/ReadiumFuzi.build/Debug-iphonesimulator/ReadiumFuzi.build/Objects-normal/arm64/ReadiumFuzi-linker-args.resp -Xlinker -add_ast_path -Xlinker /Users/chenliangyu/Library/Developer/Xcode/DerivedData/BooksBrowser-dlrvnwnsktodgveyejdjreelllgw/Build/Intermediates.noindex/ReadiumZIPFoundation.build/Debug-iphonesimulator/ReadiumZIPFoundation.build/Objects-normal/arm64/ReadiumZIPFoundation.swiftmodule @/Users/chenliangyu/Library/Developer/Xcode/DerivedData/BooksBrowser-dlrvnwnsktodgveyejdjreelllgw/Build/Intermediates.noindex/ReadiumZIPFoundation.build/Debug-iphonesimulator/ReadiumZIPFoundation.build/Objects-normal/arm64/ReadiumZIPFoundation-linker-args.resp -Xlinker -add_ast_path -Xlinker /Users/chenliangyu/Library/Developer/Xcode/DerivedData/BooksBrowser-dlrvnwnsktodgveyejdjreelllgw/Build/Intermediates.noindex/Readium.build/Debug-iphonesimulator/ReadiumStreamer.build/Objects-normal/arm64/ReadiumStreamer.swiftmodule @/Users/chenliangyu/Library/Developer/Xcode/DerivedData/BooksBrowser-dlrvnwnsktodgveyejdjreelllgw/Build/Intermediates.noindex/Readium.build/Debug-iphonesimulator/ReadiumStreamer.build/Objects-normal/arm64/ReadiumStreamer-linker-args.resp -Xlinker -add_ast_path -Xlinker /Users/chenliangyu/Library/Developer/Xcode/DerivedData/BooksBrowser-dlrvnwnsktodgveyejdjreelllgw/Build/Intermediates.noindex/CryptoSwift.build/Debug-iphonesimulator/CryptoSwift.build/Objects-normal/arm64/CryptoSwift.swiftmodule @/Users/chenliangyu/Library/Developer/Xcode/DerivedData/BooksBrowser-dlrvnwnsktodgveyejdjreelllgw/Build/Intermediates.noindex/CryptoSwift.build/Debug-iphonesimulator/CryptoSwift.build/Objects-normal/arm64/CryptoSwift-linker-args.resp -Xlinker -add_ast_path -Xlinker /Users/chenliangyu/Library/Developer/Xcode/DerivedData/BooksBrowser-dlrvnwnsktodgveyejdjreelllgw/Build/Intermediates.noindex/Readium.build/Debug-iphonesimulator/ReadiumNavigator.build/Objects-normal/arm64/ReadiumNavigator.swiftmodule @/Users/chenliangyu/Library/Developer/Xcode/DerivedData/BooksBrowser-dlrvnwnsktodgveyejdjreelllgw/Build/Intermediates.noindex/Readium.build/Debug-iphonesimulator/ReadiumNavigator.build/Objects-normal/arm64/ReadiumNavigator-linker-args.resp -Xlinker -add_ast_path -Xlinker /Users/chenliangyu/Library/Developer/Xcode/DerivedData/BooksBrowser-dlrvnwnsktodgveyejdjreelllgw/Build/Intermediates.noindex/DifferenceKit.build/Debug-iphonesimulator/DifferenceKit.build/Objects-normal/arm64/DifferenceKit.swiftmodule @/Users/chenliangyu/Library/Developer/Xcode/DerivedData/BooksBrowser-dlrvnwnsktodgveyejdjreelllgw/Build/Intermediates.noindex/DifferenceKit.build/Debug-iphonesimulator/DifferenceKit.build/Objects-normal/arm64/DifferenceKit-linker-args.resp -Xlinker -add_ast_path -Xlinker /Users/chenliangyu/Library/Developer/Xcode/DerivedData/BooksBrowser-dlrvnwnsktodgveyejdjreelllgw/Build/Intermediates.noindex/Readium.build/Debug-iphonesimulator/ReadiumAdapterGCDWebServer.build/Objects-normal/arm64/ReadiumAdapterGCDWebServer.swiftmodule @/Users/chenliangyu/Library/Developer/Xcode/DerivedData/BooksBrowser-dlrvnwnsktodgveyejdjreelllgw/Build/Intermediates.noindex/Readium.build/Debug-iphonesimulator/ReadiumAdapterGCDWebServer.build/Objects-normal/arm64/ReadiumAdapterGCDWebServer-linker-args.resp

ConstructStubExecutorLinkFileList /Users/chenliangyu/Library/Developer/Xcode/DerivedData/BooksBrowser-dlrvnwnsktodgveyejdjreelllgw/Build/Intermediates.noindex/BooksBrowser.build/Debug-iphonesimulator/BooksBrowser.build/BooksBrowser-ExecutorLinkFileList-normal-arm64.txt (in target 'BooksBrowser' from project 'BooksBrowser')
    cd /Users/chenliangyu/Desktop/Development/BooksBrowserWorkspace/booksbrowser_ios
    construct-stub-executor-link-file-list /Users/chenliangyu/Library/Developer/Xcode/DerivedData/BooksBrowser-dlrvnwnsktodgveyejdjreelllgw/Build/Products/Debug-iphonesimulator/BooksBrowser.app/BooksBrowser.debug.dylib /Applications/Xcode.app/Contents/Developer/Platforms/iPhoneSimulator.platform/Developer/usr/lib/libPreviewsJITStubExecutor_no_swift_entry_point.a /Applications/Xcode.app/Contents/Developer/Platforms/iPhoneSimulator.platform/Developer/usr/lib/libPreviewsJITStubExecutor.a --output /Users/chenliangyu/Library/Developer/Xcode/DerivedData/BooksBrowser-dlrvnwnsktodgveyejdjreelllgw/Build/Intermediates.noindex/BooksBrowser.build/Debug-iphonesimulator/BooksBrowser.build/BooksBrowser-ExecutorLinkFileList-normal-arm64.txt
note: Using stub executor library with Swift entry point. (in target 'BooksBrowser' from project 'BooksBrowser')

Ld /Users/chenliangyu/Library/Developer/Xcode/DerivedData/BooksBrowser-dlrvnwnsktodgveyejdjreelllgw/Build/Products/Debug-iphonesimulator/BooksBrowser.app/BooksBrowser normal (in target 'BooksBrowser' from project 'BooksBrowser')
    cd /Users/chenliangyu/Desktop/Development/BooksBrowserWorkspace/booksbrowser_ios
    /Applications/Xcode.app/Contents/Developer/Toolchains/XcodeDefault.xctoolchain/usr/bin/clang -Xlinker -reproducible -target arm64-apple-ios26.0-simulator -isysroot /Applications/Xcode.app/Contents/Developer/Platforms/iPhoneSimulator.platform/Developer/SDKs/iPhoneSimulator26.2.sdk -O0 -L/Users/chenliangyu/Library/Developer/Xcode/DerivedData/BooksBrowser-dlrvnwnsktodgveyejdjreelllgw/Build/Products/Debug-iphonesimulator -F/Users/chenliangyu/Library/Developer/Xcode/DerivedData/BooksBrowser-dlrvnwnsktodgveyejdjreelllgw/Build/Products/Debug-iphonesimulator/PackageFrameworks -F/Users/chenliangyu/Library/Developer/Xcode/DerivedData/BooksBrowser-dlrvnwnsktodgveyejdjreelllgw/Build/Products/Debug-iphonesimulator/PackageFrameworks -F/Users/chenliangyu/Library/Developer/Xcode/DerivedData/BooksBrowser-dlrvnwnsktodgveyejdjreelllgw/Build/Products/Debug-iphonesimulator/PackageFrameworks -F/Users/chenliangyu/Library/Developer/Xcode/DerivedData/BooksBrowser-dlrvnwnsktodgveyejdjreelllgw/Build/Products/Debug-iphonesimulator/PackageFrameworks -F/Users/chenliangyu/Library/Developer/Xcode/DerivedData/BooksBrowser-dlrvnwnsktodgveyejdjreelllgw/Build/Products/Debug-iphonesimulator/PackageFrameworks -F/Users/chenliangyu/Library/Developer/Xcode/DerivedData/BooksBrowser-dlrvnwnsktodgveyejdjreelllgw/Build/Products/Debug-iphonesimulator/PackageFrameworks -F/Users/chenliangyu/Library/Developer/Xcode/DerivedData/BooksBrowser-dlrvnwnsktodgveyejdjreelllgw/Build/Products/Debug-iphonesimulator/PackageFrameworks -F/Users/chenliangyu/Library/Developer/Xcode/DerivedData/BooksBrowser-dlrvnwnsktodgveyejdjreelllgw/Build/Products/Debug-iphonesimulator/PackageFrameworks -F/Users/chenliangyu/Library/Developer/Xcode/DerivedData/BooksBrowser-dlrvnwnsktodgveyejdjreelllgw/Build/Products/Debug-iphonesimulator/PackageFrameworks -F/Users/chenliangyu/Library/Developer/Xcode/DerivedData/BooksBrowser-dlrvnwnsktodgveyejdjreelllgw/Build/Products/Debug-iphonesimulator/PackageFrameworks -F/Users/chenliangyu/Library/Developer/Xcode/DerivedData/BooksBrowser-dlrvnwnsktodgveyejdjreelllgw/Build/Products/Debug-iphonesimulator/PackageFrameworks -F/Users/chenliangyu/Library/Developer/Xcode/DerivedData/BooksBrowser-dlrvnwnsktodgveyejdjreelllgw/Build/Products/Debug-iphonesimulator/PackageFrameworks -F/Users/chenliangyu/Library/Developer/Xcode/DerivedData/BooksBrowser-dlrvnwnsktodgveyejdjreelllgw/Build/Products/Debug-iphonesimulator/PackageFrameworks -F/Users/chenliangyu/Library/Developer/Xcode/DerivedData/BooksBrowser-dlrvnwnsktodgveyejdjreelllgw/Build/Products/Debug-iphonesimulator/PackageFrameworks -F/Users/chenliangyu/Library/Developer/Xcode/DerivedData/BooksBrowser-dlrvnwnsktodgveyejdjreelllgw/Build/Products/Debug-iphonesimulator/PackageFrameworks -F/Users/chenliangyu/Library/Developer/Xcode/DerivedData/BooksBrowser-dlrvnwnsktodgveyejdjreelllgw/Build/Products/Debug-iphonesimulator/PackageFrameworks -F/Users/chenliangyu/Library/Developer/Xcode/DerivedData/BooksBrowser-dlrvnwnsktodgveyejdjreelllgw/Build/Products/Debug-iphonesimulator -Xlinker -rpath -Xlinker @executable_path -Xlinker -rpath -Xlinker /Users/chenliangyu/Library/Developer/Xcode/DerivedData/BooksBrowser-dlrvnwnsktodgveyejdjreelllgw/Build/Products/Debug-iphonesimulator/PackageFrameworks -Xlinker -rpath -Xlinker @executable_path/Frameworks -rdynamic -Xlinker -no_deduplicate -Xlinker -objc_abi_version -Xlinker 2 -Xlinker -debug_variant -e ___debug_blank_executor_main -Xlinker -sectcreate -Xlinker __TEXT -Xlinker __debug_dylib -Xlinker /Users/chenliangyu/Library/Developer/Xcode/DerivedData/BooksBrowser-dlrvnwnsktodgveyejdjreelllgw/Build/Intermediates.noindex/BooksBrowser.build/Debug-iphonesimulator/BooksBrowser.build/BooksBrowser-DebugDylibPath-normal-arm64.txt -Xlinker -sectcreate -Xlinker __TEXT -Xlinker __debug_instlnm -Xlinker /Users/chenliangyu/Library/Developer/Xcode/DerivedData/BooksBrowser-dlrvnwnsktodgveyejdjreelllgw/Build/Intermediates.noindex/BooksBrowser.build/Debug-iphonesimulator/BooksBrowser.build/BooksBrowser-DebugDylibInstallName-normal-arm64.txt -Xlinker -filelist -Xlinker /Users/chenliangyu/Library/Developer/Xcode/DerivedData/BooksBrowser-dlrvnwnsktodgveyejdjreelllgw/Build/Intermediates.noindex/BooksBrowser.build/Debug-iphonesimulator/BooksBrowser.build/BooksBrowser-ExecutorLinkFileList-normal-arm64.txt -Xlinker -sectcreate -Xlinker __TEXT -Xlinker __entitlements -Xlinker /Users/chenliangyu/Library/Developer/Xcode/DerivedData/BooksBrowser-dlrvnwnsktodgveyejdjreelllgw/Build/Intermediates.noindex/BooksBrowser.build/Debug-iphonesimulator/BooksBrowser.build/BooksBrowser.app-Simulated.xcent -Xlinker -sectcreate -Xlinker __TEXT -Xlinker __ents_der -Xlinker /Users/chenliangyu/Library/Developer/Xcode/DerivedData/BooksBrowser-dlrvnwnsktodgveyejdjreelllgw/Build/Intermediates.noindex/BooksBrowser.build/Debug-iphonesimulator/BooksBrowser.build/BooksBrowser.app-Simulated.xcent.der /Users/chenliangyu/Library/Developer/Xcode/DerivedData/BooksBrowser-dlrvnwnsktodgveyejdjreelllgw/Build/Products/Debug-iphonesimulator/BooksBrowser.app/BooksBrowser.debug.dylib -Xlinker -no_adhoc_codesign -o /Users/chenliangyu/Library/Developer/Xcode/DerivedData/BooksBrowser-dlrvnwnsktodgveyejdjreelllgw/Build/Products/Debug-iphonesimulator/BooksBrowser.app/BooksBrowser

CopySwiftLibs /Users/chenliangyu/Library/Developer/Xcode/DerivedData/BooksBrowser-dlrvnwnsktodgveyejdjreelllgw/Build/Products/Debug-iphonesimulator/BooksBrowser.app (in target 'BooksBrowser' from project 'BooksBrowser')
    cd /Users/chenliangyu/Desktop/Development/BooksBrowserWorkspace/booksbrowser_ios
    builtin-swiftStdLibTool --copy --verbose --sign - --scan-executable /Users/chenliangyu/Library/Developer/Xcode/DerivedData/BooksBrowser-dlrvnwnsktodgveyejdjreelllgw/Build/Products/Debug-iphonesimulator/BooksBrowser.app/BooksBrowser.debug.dylib --scan-folder /Users/chenliangyu/Library/Developer/Xcode/DerivedData/BooksBrowser-dlrvnwnsktodgveyejdjreelllgw/Build/Products/Debug-iphonesimulator/BooksBrowser.app/Frameworks --scan-folder /Users/chenliangyu/Library/Developer/Xcode/DerivedData/BooksBrowser-dlrvnwnsktodgveyejdjreelllgw/Build/Products/Debug-iphonesimulator/BooksBrowser.app/PlugIns --scan-folder /Users/chenliangyu/Library/Developer/Xcode/DerivedData/BooksBrowser-dlrvnwnsktodgveyejdjreelllgw/Build/Products/Debug-iphonesimulator/BooksBrowser.app/SystemExtensions --scan-folder /Users/chenliangyu/Library/Developer/Xcode/DerivedData/BooksBrowser-dlrvnwnsktodgveyejdjreelllgw/Build/Products/Debug-iphonesimulator/BooksBrowser.app/Extensions --platform iphonesimulator --toolchain /Applications/Xcode.app/Contents/Developer/Toolchains/XcodeDefault.xctoolchain --destination /Users/chenliangyu/Library/Developer/Xcode/DerivedData/BooksBrowser-dlrvnwnsktodgveyejdjreelllgw/Build/Products/Debug-iphonesimulator/BooksBrowser.app/Frameworks --strip-bitcode --strip-bitcode-tool /Applications/Xcode.app/Contents/Developer/Toolchains/XcodeDefault.xctoolchain/usr/bin/bitcode_strip --emit-dependency-info /Users/chenliangyu/Library/Developer/Xcode/DerivedData/BooksBrowser-dlrvnwnsktodgveyejdjreelllgw/Build/Intermediates.noindex/BooksBrowser.build/Debug-iphonesimulator/BooksBrowser.build/SwiftStdLibToolInputDependencies.dep --filter-for-swift-os

ExtractAppIntentsMetadata (in target 'BooksBrowser' from project 'BooksBrowser')
    cd /Users/chenliangyu/Desktop/Development/BooksBrowserWorkspace/booksbrowser_ios
    /Applications/Xcode.app/Contents/Developer/Toolchains/XcodeDefault.xctoolchain/usr/bin/appintentsmetadataprocessor --toolchain-dir /Applications/Xcode.app/Contents/Developer/Toolchains/XcodeDefault.xctoolchain --module-name BooksBrowser --sdk-root /Applications/Xcode.app/Contents/Developer/Platforms/iPhoneSimulator.platform/Developer/SDKs/iPhoneSimulator26.2.sdk --xcode-version 17C52 --platform-family iOS --deployment-target 26.0 --bundle-identifier com.Max0228.BooksBrowser --output /Users/chenliangyu/Library/Developer/Xcode/DerivedData/BooksBrowser-dlrvnwnsktodgveyejdjreelllgw/Build/Products/Debug-iphonesimulator/BooksBrowser.app --target-triple arm64-apple-ios26.0-simulator --binary-file /Users/chenliangyu/Library/Developer/Xcode/DerivedData/BooksBrowser-dlrvnwnsktodgveyejdjreelllgw/Build/Products/Debug-iphonesimulator/BooksBrowser.app/BooksBrowser --dependency-file /Users/chenliangyu/Library/Developer/Xcode/DerivedData/BooksBrowser-dlrvnwnsktodgveyejdjreelllgw/Build/Intermediates.noindex/BooksBrowser.build/Debug-iphonesimulator/BooksBrowser.build/Objects-normal/arm64/BooksBrowser_dependency_info.dat --stringsdata-file /Users/chenliangyu/Library/Developer/Xcode/DerivedData/BooksBrowser-dlrvnwnsktodgveyejdjreelllgw/Build/Intermediates.noindex/BooksBrowser.build/Debug-iphonesimulator/BooksBrowser.build/Objects-normal/arm64/ExtractedAppShortcutsMetadata.stringsdata --source-file-list /Users/chenliangyu/Library/Developer/Xcode/DerivedData/BooksBrowser-dlrvnwnsktodgveyejdjreelllgw/Build/Intermediates.noindex/BooksBrowser.build/Debug-iphonesimulator/BooksBrowser.build/Objects-normal/arm64/BooksBrowser.SwiftFileList --metadata-file-list /Users/chenliangyu/Library/Developer/Xcode/DerivedData/BooksBrowser-dlrvnwnsktodgveyejdjreelllgw/Build/Intermediates.noindex/BooksBrowser.build/Debug-iphonesimulator/BooksBrowser.build/BooksBrowser.DependencyMetadataFileList --static-metadata-file-list /Users/chenliangyu/Library/Developer/Xcode/DerivedData/BooksBrowser-dlrvnwnsktodgveyejdjreelllgw/Build/Intermediates.noindex/BooksBrowser.build/Debug-iphonesimulator/BooksBrowser.build/BooksBrowser.DependencyStaticMetadataFileList --swift-const-vals-list /Users/chenliangyu/Library/Developer/Xcode/DerivedData/BooksBrowser-dlrvnwnsktodgveyejdjreelllgw/Build/Intermediates.noindex/BooksBrowser.build/Debug-iphonesimulator/BooksBrowser.build/Objects-normal/arm64/BooksBrowser.SwiftConstValuesFileList --compile-time-extraction --deployment-aware-processing --validate-assistant-intents --no-app-shortcuts-localization
2026-02-27 13:41:25.392 appintentsmetadataprocessor[68878:24513373] Starting appintentsmetadataprocessor export
2026-02-27 13:41:25.487 appintentsmetadataprocessor[68878:24513373] Writing Metadata.appintents
2026-02-27 13:41:25.487 appintentsmetadataprocessor[68878:24513373] Metadata root: /Users/chenliangyu/Library/Developer/Xcode/DerivedData/BooksBrowser-dlrvnwnsktodgveyejdjreelllgw/Build/Products/Debug-iphonesimulator/BooksBrowser.app/Metadata.appintents

AppIntentsSSUTraining (in target 'BooksBrowser' from project 'BooksBrowser')
    cd /Users/chenliangyu/Desktop/Development/BooksBrowserWorkspace/booksbrowser_ios
    /Applications/Xcode.app/Contents/Developer/Toolchains/XcodeDefault.xctoolchain/usr/bin/appintentsnltrainingprocessor --infoplist-path /Users/chenliangyu/Library/Developer/Xcode/DerivedData/BooksBrowser-dlrvnwnsktodgveyejdjreelllgw/Build/Products/Debug-iphonesimulator/BooksBrowser.app/Info.plist --temp-dir-path /Users/chenliangyu/Library/Developer/Xcode/DerivedData/BooksBrowser-dlrvnwnsktodgveyejdjreelllgw/Build/Intermediates.noindex/BooksBrowser.build/Debug-iphonesimulator/BooksBrowser.build/ssu --bundle-id com.Max0228.BooksBrowser --product-path /Users/chenliangyu/Library/Developer/Xcode/DerivedData/BooksBrowser-dlrvnwnsktodgveyejdjreelllgw/Build/Products/Debug-iphonesimulator/BooksBrowser.app --extracted-metadata-path /Users/chenliangyu/Library/Developer/Xcode/DerivedData/BooksBrowser-dlrvnwnsktodgveyejdjreelllgw/Build/Products/Debug-iphonesimulator/BooksBrowser.app/Metadata.appintents --metadata-file-list /Users/chenliangyu/Library/Developer/Xcode/DerivedData/BooksBrowser-dlrvnwnsktodgveyejdjreelllgw/Build/Intermediates.noindex/BooksBrowser.build/Debug-iphonesimulator/BooksBrowser.build/BooksBrowser.DependencyMetadataFileList --archive-ssu-assets
2026-02-27 13:41:25.507 appintentsnltrainingprocessor[68881:24513387] Parsing options for appintentsnltrainingprocessor
2026-02-27 13:41:25.507 appintentsnltrainingprocessor[68881:24513387] Starting AppIntents SSU YAML Generation
2026-02-27 13:41:25.512 appintentsnltrainingprocessor[68881:24513387] No AppShortcuts found - Skipping.

CodeSign /Users/chenliangyu/Library/Developer/Xcode/DerivedData/BooksBrowser-dlrvnwnsktodgveyejdjreelllgw/Build/Products/Debug-iphonesimulator/BooksBrowser.app/BooksBrowser.debug.dylib (in target 'BooksBrowser' from project 'BooksBrowser')
    cd /Users/chenliangyu/Desktop/Development/BooksBrowserWorkspace/booksbrowser_ios
    
    Signing Identity:     "Sign to Run Locally"
    
    /usr/bin/codesign --force --sign - --timestamp\=none --generate-entitlement-der /Users/chenliangyu/Library/Developer/Xcode/DerivedData/BooksBrowser-dlrvnwnsktodgveyejdjreelllgw/Build/Products/Debug-iphonesimulator/BooksBrowser.app/BooksBrowser.debug.dylib

CodeSign /Users/chenliangyu/Library/Developer/Xcode/DerivedData/BooksBrowser-dlrvnwnsktodgveyejdjreelllgw/Build/Products/Debug-iphonesimulator/BooksBrowser.app/__preview.dylib (in target 'BooksBrowser' from project 'BooksBrowser')
    cd /Users/chenliangyu/Desktop/Development/BooksBrowserWorkspace/booksbrowser_ios
    
    Signing Identity:     "Sign to Run Locally"
    
    /usr/bin/codesign --force --sign - --timestamp\=none --generate-entitlement-der /Users/chenliangyu/Library/Developer/Xcode/DerivedData/BooksBrowser-dlrvnwnsktodgveyejdjreelllgw/Build/Products/Debug-iphonesimulator/BooksBrowser.app/__preview.dylib
/Users/chenliangyu/Library/Developer/Xcode/DerivedData/BooksBrowser-dlrvnwnsktodgveyejdjreelllgw/Build/Products/Debug-iphonesimulator/BooksBrowser.app/__preview.dylib: replacing existing signature

CodeSign /Users/chenliangyu/Library/Developer/Xcode/DerivedData/BooksBrowser-dlrvnwnsktodgveyejdjreelllgw/Build/Products/Debug-iphonesimulator/BooksBrowser.app (in target 'BooksBrowser' from project 'BooksBrowser')
    cd /Users/chenliangyu/Desktop/Development/BooksBrowserWorkspace/booksbrowser_ios
    
    Signing Identity:     "Sign to Run Locally"
    
    /usr/bin/codesign --force --sign - --timestamp\=none --generate-entitlement-der /Users/chenliangyu/Library/Developer/Xcode/DerivedData/BooksBrowser-dlrvnwnsktodgveyejdjreelllgw/Build/Products/Debug-iphonesimulator/BooksBrowser.app

Validate /Users/chenliangyu/Library/Developer/Xcode/DerivedData/BooksBrowser-dlrvnwnsktodgveyejdjreelllgw/Build/Products/Debug-iphonesimulator/BooksBrowser.app (in target 'BooksBrowser' from project 'BooksBrowser')
    cd /Users/chenliangyu/Desktop/Development/BooksBrowserWorkspace/booksbrowser_ios
    builtin-validationUtility /Users/chenliangyu/Library/Developer/Xcode/DerivedData/BooksBrowser-dlrvnwnsktodgveyejdjreelllgw/Build/Products/Debug-iphonesimulator/BooksBrowser.app -shallow-bundle -infoplist-subpath Info.plist

** BUILD SUCCEEDED **

